BL51 BANKED LINKER/LOCATER V6.22.2.0                                                    12/28/2018  20:10:38  PAGE 1


BL51 BANKED LINKER/LOCATER V6.22.2.0, INVOKED BY:
D:\PROGRAM FILES\KEIL\C51\BIN\BL51.EXE .\Objects\STARTUP.obj, .\Objects\main.obj, .\Objects\PIO_1.obj, .\Objects\gpio.ob
>> j, .\Objects\stepMotor.obj, .\Objects\delay.obj, .\Objects\timer.obj, .\Objects\89C51_it.obj, .\Objects\usart.obj, .\
>> Objects\HD7279.obj, .\Objects\8255.obj, .\Objects\8254.obj, .\Objects\key.obj, .\Objects\adc.obj TO .\Objects\C81 PRI
>> NT (.\Listings\C81.m51) RAMSIZE (256)


MEMORY MODEL: LARGE WITH FLOATING POINT ARITHMETIC


INPUT MODULES INCLUDED:
  .\Objects\STARTUP.obj (?C_STARTUP)
  .\Objects\main.obj (MAIN)
  .\Objects\PIO_1.obj (PIO_1)
  .\Objects\gpio.obj (GPIO)
  .\Objects\stepMotor.obj (STEPMOTOR)
  .\Objects\delay.obj (DELAY)
  .\Objects\timer.obj (TIMER)
  .\Objects\89C51_it.obj (89C51_IT)
  .\Objects\usart.obj (USART)
  .\Objects\HD7279.obj (HD7279)
  .\Objects\8255.obj (8255)
  .\Objects\8254.obj (8254)
  .\Objects\key.obj (KEY)
  .\Objects\adc.obj (ADC)
  D:\PROGRAM FILES\KEIL\C51\LIB\C51FPL.LIB (?C?FPADD)
  D:\PROGRAM FILES\KEIL\C51\LIB\C51FPL.LIB (?C?FPMUL)
  D:\PROGRAM FILES\KEIL\C51\LIB\C51FPL.LIB (?C?FPDIV)
  D:\PROGRAM FILES\KEIL\C51\LIB\C51FPL.LIB (?C?FPCMP)
  D:\PROGRAM FILES\KEIL\C51\LIB\C51FPL.LIB (?C?FCAST)
  D:\PROGRAM FILES\KEIL\C51\LIB\C51FPL.LIB (?C?CASTF)
  D:\PROGRAM FILES\KEIL\C51\LIB\C51FPL.LIB (PRINTF)
  D:\PROGRAM FILES\KEIL\C51\LIB\C51FPL.LIB (FABS)
  D:\PROGRAM FILES\KEIL\C51\LIB\C51FPL.LIB (?C?FPGETOPN)
  D:\PROGRAM FILES\KEIL\C51\LIB\C51FPL.LIB (?C?FPROUND)
  D:\PROGRAM FILES\KEIL\C51\LIB\C51FPL.LIB (?C?FPCONVERT)
  D:\PROGRAM FILES\KEIL\C51\LIB\C51FPL.LIB (?C?FTNPWR)
  D:\PROGRAM FILES\KEIL\C51\LIB\C51L.LIB (?C_INIT)
  D:\PROGRAM FILES\KEIL\C51\LIB\C51L.LIB (?C?COPY)
  D:\PROGRAM FILES\KEIL\C51\LIB\C51L.LIB (?C?CLDPTR)
  D:\PROGRAM FILES\KEIL\C51\LIB\C51L.LIB (?C?CLDOPTR)
  D:\PROGRAM FILES\KEIL\C51\LIB\C51L.LIB (?C?CSTPTR)
  D:\PROGRAM FILES\KEIL\C51\LIB\C51L.LIB (?C?UIDIV)
  D:\PROGRAM FILES\KEIL\C51\LIB\C51L.LIB (?C?ULDIV)
  D:\PROGRAM FILES\KEIL\C51\LIB\C51L.LIB (?C?SLDIV)
  D:\PROGRAM FILES\KEIL\C51\LIB\C51L.LIB (?C?LNEG)
  D:\PROGRAM FILES\KEIL\C51\LIB\C51L.LIB (?C?SLCMP)
  D:\PROGRAM FILES\KEIL\C51\LIB\C51L.LIB (?C?ULCMP)
  D:\PROGRAM FILES\KEIL\C51\LIB\C51L.LIB (?C?LSTXDATA)
  D:\PROGRAM FILES\KEIL\C51\LIB\C51L.LIB (?C?LSTKXDATA)
  D:\PROGRAM FILES\KEIL\C51\LIB\C51L.LIB (?C?PLDIXDATA)
  D:\PROGRAM FILES\KEIL\C51\LIB\C51L.LIB (?C?PSTXDATA)
  D:\PROGRAM FILES\KEIL\C51\LIB\C51L.LIB (?C?CCASE)
  D:\PROGRAM FILES\KEIL\C51\LIB\C51L.LIB (PUTCHAR)


LINK MAP OF MODULE:  .\Objects\C81 (?C_STARTUP)

BL51 BANKED LINKER/LOCATER V6.22.2.0                                                  12/28/2018  20:10:38  PAGE 2



            TYPE    BASE      LENGTH    RELOCATION   SEGMENT NAME
            -----------------------------------------------------

            * * * * * * *   D A T A   M E M O R Y   * * * * * * *
            REG     0000H     0008H     ABSOLUTE     "REG BANK 0"
            DATA    0008H     0005H     UNIT         _DATA_GROUP_
                    000DH     0013H                  *** GAP ***
            BIT     0020H.0   0001H.1   UNIT         _BIT_GROUP_
                    0021H.1   0000H.7                *** GAP ***
            IDATA   0022H     0001H     UNIT         ?STACK

            * * * * * * *  X D A T A   M E M O R Y  * * * * * * *
            XDATA   0000H     0058H     UNIT         _XDATA_GROUP_
            XDATA   0058H     0020H     UNIT         ?XD?89C51_IT
            XDATA   0078H     0016H     UNIT         ?XD?_SHOWTIMESTRING?TIMER
            XDATA   008EH     0016H     UNIT         ?XD?_LEDSHOWINT?HD7279
            XDATA   00A4H     0016H     UNIT         ?XD?_LEDSHOWFLOAT?HD7279
            XDATA   00BAH     0013H     UNIT         ?XD?PIO_1
            XDATA   00CDH     0011H     UNIT         ?XD?KEY
            XDATA   00DEH     000FH     UNIT         ?XD?MAIN
            XDATA   00EDH     000FH     UNIT         ?XD?HD7279
            XDATA   00FCH     000DH     UNIT         ?XD?_LEDSHOWSTRING?HD7279
            XDATA   0109H     0008H     UNIT         ?XD?_UARTBAUDRATEINIT?USART
            XDATA   0111H     0008H     UNIT         ?XD?IO8255INIT?8255
            XDATA   0119H     0007H     UNIT         ?XD?_UARTINIT?USART
            XDATA   0120H     0005H     UNIT         ?XD?STEPMOTOR
            XDATA   0125H     0004H     UNIT         ?XD?_STEPMOTORSPEEDCONTROL?STEPMOTOR
            XDATA   0129H     0002H     UNIT         ?XD?_BLINKIN4?PIO_1
            XDATA   012BH     0002H     UNIT         ?XD?_BLINKIN4_P374?PIO_1
            XDATA   012DH     0002H     UNIT         ?XD?SHOWYOURNEED?HD7279
            XDATA   012FH     0001H     UNIT         ?XD?TEST8255?8255
            XDATA   0130H     0001H     UNIT         ?XD?_TIMER8254CMD?8254
            XDATA   0131H     0001H     UNIT         ?XD?_TIMER8254STARTTRIGGER?8254
            XDATA   0132H     0001H     UNIT         ?XD?_TIMER8254STARTHARDSTROBE?8254
            XDATA   0133H     0001H     UNIT         ?XD?KEYSCAN?KEY
                    0134H     F6CCH                  *** GAP ***
            XDATA   F800H     0001H     ABSOLUTE     
            XDATA   F801H     0001H     ABSOLUTE     
            XDATA   F802H     0001H     ABSOLUTE     
            XDATA   F803H     0001H     ABSOLUTE     
                    F804H     00FCH                  *** GAP ***
            XDATA   F900H     0001H     ABSOLUTE     
            XDATA   F901H     0001H     ABSOLUTE     
            XDATA   F902H     0001H     ABSOLUTE     
            XDATA   F903H     0001H     ABSOLUTE     
                    F904H     00FCH                  *** GAP ***
            XDATA   FA00H     0001H     ABSOLUTE     
                    FA01H     02FFH                  *** GAP ***
            XDATA   FD00H     0001H     ABSOLUTE     
                    FD01H     00FFH                  *** GAP ***
            XDATA   FE00H     0001H     ABSOLUTE     

            * * * * * * *   C O D E   M E M O R Y   * * * * * * *
            CODE    0000H     0003H     ABSOLUTE     
            CODE    0003H     0003H     ABSOLUTE     
            CODE    0006H     0003H     UNIT         ?CO?MAIN
BL51 BANKED LINKER/LOCATER V6.22.2.0                                                  12/28/2018  20:10:38  PAGE 3


                    0009H     0002H                  *** GAP ***
            CODE    000BH     0003H     ABSOLUTE     
                    000EH     0005H                  *** GAP ***
            CODE    0013H     0003H     ABSOLUTE     
                    0016H     0005H                  *** GAP ***
            CODE    001BH     0003H     ABSOLUTE     
                    001EH     0005H                  *** GAP ***
            CODE    0023H     0003H     ABSOLUTE     
            CODE    0026H     08B1H     UNIT         ?C?LIB_CODE
            CODE    08D7H     0483H     UNIT         ?PR?PRINTF?PRINTF
            CODE    0D5AH     01FDH     UNIT         ?PR?_LEDSHOWSTRING?HD7279
            CODE    0F57H     01C5H     UNIT         ?PR?_LEDSHOWFLOAT?HD7279
            CODE    111CH     01A8H     UNIT         ?PR?_LEDSHOWSEC?HD7279
            CODE    12C4H     01A5H     UNIT         ?PR?_STEPMOTORSPEEDCONTROL?STEPMOTOR
            CODE    1469H     01A2H     UNIT         ?PR?_LEDSHOWINT?HD7279
            CODE    160BH     016DH     UNIT         ?PR?_SHOWTIMESTRING?TIMER
            CODE    1778H     0143H     UNIT         ?PR?MAIN?MAIN
            CODE    18BBH     0112H     UNIT         ?PR?_UARTBAUDRATEINIT?USART
            CODE    19CDH     00A2H     UNIT         ?C_INITSEG
            CODE    1A6FH     008FH     UNIT         ?PR?TIME0?89C51_IT
            CODE    1AFEH     008CH     UNIT         ?C_C51STARTUP
            CODE    1B8AH     0087H     UNIT         ?PR?_TIMERELOADNUMINIT?TIMER
            CODE    1C11H     0076H     UNIT         ?PR?_GPIOINIT?GPIO
            CODE    1C87H     0076H     UNIT         ?PR?_TIMEINIT?TIMER
            CODE    1CFDH     0074H     UNIT         ?PR?_IO8255SETBIT?8255
            CODE    1D71H     0070H     UNIT         ?PR?_IO8255READBIT?8255
            CODE    1DE1H     0063H     UNIT         ?PR?_GETVOLTAGE?ADC
            CODE    1E44H     0062H     UNIT         ?PR?UART1_ITHANDLER?89C51_IT
            CODE    1EA6H     005FH     UNIT         ?PR?_FLOWLEDONLY?PIO_1
            CODE    1F05H     0059H     UNIT         ?PR?_TIMEMODEINIT?TIMER
            CODE    1F5EH     0053H     UNIT         ?PR?_BLINKIN4_P374?PIO_1
            CODE    1FB1H     0053H     UNIT         ?PR?EXIT1_HANDLER?89C51_IT
            CODE    2004H     0050H     UNIT         ?PR?_BLINKIN4?PIO_1
            CODE    2054H     004EH     UNIT         ?PR?TIME1?89C51_IT
            CODE    20A2H     004CH     UNIT         ?PR?KEYSCAN?KEY
            CODE    20EEH     0049H     UNIT         ?PR?_GPIOREADBIT?GPIO
            CODE    2137H     0048H     UNIT         ?PR?_HD7279SENDBYTE?HD7279
            CODE    217FH     0048H     UNIT         ?PR?HD7279RECEIVEBYTE?HD7279
            CODE    21C7H     0044H     UNIT         ?C?LDIV
            CODE    220BH     0042H     UNIT         ?PR?_FLOW_P374?PIO_1
            CODE    224DH     0042H     UNIT         ?PR?_FLOW_P374CONTRARY?PIO_1
            CODE    228FH     0042H     UNIT         ?PR?SHOWYOURNEED?HD7279
            CODE    22D1H     0040H     UNIT         ?PR?_FLOW?PIO_1
            CODE    2311H     0040H     UNIT         ?PR?_FLOWCONTRARY?PIO_1
            CODE    2351H     0040H     UNIT         ?PR?_UARTINIT?USART
            CODE    2391H     003DH     UNIT         ?CO?HD7279
            CODE    23CEH     003BH     UNIT         ?PR?READKEYNUM?KEY
            CODE    2409H     0038H     UNIT         ?PR?_TIMER8254COUNTERMODEINIT?8254
            CODE    2441H     0036H     UNIT         ?PR?IO8255INIT?8255
            CODE    2477H     0035H     UNIT         ?PR?_TIMER8254PRESCALERMODEINIT?8254
            CODE    24ACH     0035H     UNIT         ?PR?_TIMER8254SQUAREWAVEMODEINIT?8254
            CODE    24E1H     0035H     UNIT         ?PR?_TIMER8254SOFTWARESTROBEMODEINIT?8254
            CODE    2516H     0035H     UNIT         ?PR?_TIMER8254HARDWARESTROBEMODEINIT?8254
            CODE    254BH     002DH     UNIT         ?PR?_GPIOREADBYTE?GPIO
            CODE    2578H     002DH     UNIT         ?PR?_TIMER8254TRIGGERMODEINIT?8254
            CODE    25A5H     0029H     UNIT         ?PR?_TIMERCMD?TIMER
            CODE    25CEH     0028H     UNIT         ?PR?_TIMER8254GETCOUNTER?8254
BL51 BANKED LINKER/LOCATER V6.22.2.0                                                  12/28/2018  20:10:38  PAGE 4


            CODE    25F6H     0027H     UNIT         ?PR?_UARTMODEINIT?USART
            CODE    261DH     0027H     UNIT         ?PR?PUTCHAR?PUTCHAR
            CODE    2644H     0026H     UNIT         ?PR?KEY2LEDBINARY?PIO_1
            CODE    266AH     0024H     UNIT         ?PR?STEPMOTORPININIT?STEPMOTOR
            CODE    268EH     0022H     UNIT         ?PR?_GPIORESETBIT?GPIO
            CODE    26B0H     0022H     UNIT         ?PR?_DELAYMS?DELAY
            CODE    26D2H     0022H     UNIT         ?PR?_UARTSENDBYTE?USART
            CODE    26F4H     0020H     UNIT         ?PR?_UARTGETFLAGSTATUS?USART
            CODE    2714H     0020H     UNIT         ?PR?TEST8255?8255
            CODE    2734H     001FH     UNIT         ?PR?_EXTERNALITINIT?89C51_IT
            CODE    2753H     001EH     UNIT         ?PR?_GPIOSETBIT?GPIO
            CODE    2771H     001DH     UNIT         ?PR?EXIT0_HANDLER?89C51_IT
            CODE    278EH     001BH     UNIT         ?PR?SETRUNTIME?TIMER
            CODE    27A9H     001BH     UNIT         ?PR?_TIMER8254STARTTRIGGER?8254
            CODE    27C4H     001BH     UNIT         ?PR?_TIMER8254STARTHARDSTROBE?8254
            CODE    27DFH     0019H     UNIT         ?PR?_DELAY10US?DELAY
            CODE    27F8H     0018H     UNIT         ?PR?_UARTITCONFIG?USART
            CODE    2810H     0017H     UNIT         ?PR?_TIMERGETOVERFLOWITFLAG?TIMER
            CODE    2827H     0017H     UNIT         ?PR?_UARTRXCMD?USART
            CODE    283EH     0017H     UNIT         ?PR?_LEDWRITE?HD7279
            CODE    2855H     0015H     UNIT         ?PR?_DELAY10US_4M?DELAY
            CODE    286AH     0013H     UNIT         ?CO?TIMER
            CODE    287DH     0013H     UNIT         ?PR?_EXTERNALITCMD?89C51_IT
            CODE    2890H     0011H     UNIT         ?PR?_DELAYUS?DELAY
            CODE    28A1H     0011H     UNIT         ?PR?_UARTCLEARFLAGSTATUS?USART
            CODE    28B2H     0011H     UNIT         ?PR?_TIMER8254CMD?8254
            CODE    28C3H     0010H     UNIT         ?PR?_UARTRECIEVEBYTE?USART
            CODE    28D3H     000FH     UNIT         ?PR?DELAY500MS?DELAY
            CODE    28E2H     000FH     UNIT         ?PR?_TIMEROVERFLOWITINIT?TIMER
            CODE    28F1H     000DH     UNIT         ?PR?SHOWINPUT?PIO_1
            CODE    28FEH     000DH     UNIT         ?PR?_TIMERCLEAROVERFLOWFLAG?TIMER
            CODE    290BH     000DH     UNIT         ?PR?_FABS?FABS
            CODE    2918H     0009H     UNIT         ?PR?KEYREAD?HD7279
            CODE    2921H     0008H     UNIT         ?PR?LED_FLOW_P374?PIO_1
            CODE    2929H     0007H     UNIT         ?PR?LEDALLOFF?PIO_1
            CODE    2930H     0006H     UNIT         ?PR?_SHOWNUM?PIO_1
            CODE    2936H     0006H     UNIT         ?PR?GETSTEPMOTORCTRLCMD?STEPMOTOR
            CODE    293CH     0006H     UNIT         ?CO?USART
            CODE    2942H     0006H     UNIT         ?PR?_SENDDATA_8225?8255
            CODE    2948H     0006H     UNIT         ?PR?STARTADC?ADC
            CODE    294EH     0006H     UNIT         ?PR?GETADCVALUE?ADC
            CODE    2954H     0006H     UNIT         ?PR?_DACOUT?ADC



OVERLAY MAP OF MODULE:   .\Objects\C81 (?C_STARTUP)


SEGMENT                                             BIT_GROUP          DATA_GROUP          XDATA_GROUP
  +--> CALLED SEGMENT                            START    LENGTH     START    LENGTH     START    LENGTH
--------------------------------------------------------------------------------------------------------
?C_C51STARTUP                                    -----    -----      -----    -----      -----    -----
  +--> ?PR?MAIN?MAIN
  +--> ?C_INITSEG

?PR?MAIN?MAIN                                    -----    -----      -----    -----      0000H    0009H
  +--> ?CO?MAIN
BL51 BANKED LINKER/LOCATER V6.22.2.0                                                  12/28/2018  20:10:38  PAGE 5


  +--> ?PR?_TIMEINIT?TIMER
  +--> ?PR?_TIMEROVERFLOWITINIT?TIMER
  +--> ?PR?_LEDSHOWSEC?HD7279
  +--> ?PR?LEDALLOFF?PIO_1
  +--> ?PR?READKEYNUM?KEY
  +--> ?PR?_FLOW_P374?PIO_1
  +--> ?PR?_FLOW_P374CONTRARY?PIO_1

?PR?_TIMEINIT?TIMER                              -----    -----      -----    -----      0009H    000AH
  +--> ?PR?_TIMEMODEINIT?TIMER
  +--> ?PR?_TIMERELOADNUMINIT?TIMER
  +--> ?PR?_TIMERCMD?TIMER

?PR?_TIMEMODEINIT?TIMER                          -----    -----      -----    -----      0013H    0004H

?PR?_TIMERELOADNUMINIT?TIMER                     -----    -----      -----    -----      0013H    000AH

?PR?_LEDSHOWSEC?HD7279                           -----    -----      -----    -----      0009H    0016H
  +--> ?CO?HD7279
  +--> ?PR?PRINTF?PRINTF
  +--> ?PR?_LEDWRITE?HD7279

?PR?PRINTF?PRINTF                                0020H.0  0001H.1    0008H    0005H      001FH    0030H
  +--> ?PR?PUTCHAR?PUTCHAR

?PR?_LEDWRITE?HD7279                             -----    -----      -----    -----      001FH    0001H
  +--> ?PR?_HD7279SENDBYTE?HD7279

?PR?_HD7279SENDBYTE?HD7279                       -----    -----      -----    -----      0020H    0002H
  +--> ?PR?_DELAY10US_4M?DELAY

?PR?READKEYNUM?KEY                               -----    -----      -----    -----      0009H    0001H
  +--> ?PR?KEYREAD?HD7279

?PR?KEYREAD?HD7279                               -----    -----      -----    -----      -----    -----
  +--> ?PR?_HD7279SENDBYTE?HD7279
  +--> ?PR?HD7279RECEIVEBYTE?HD7279

?PR?HD7279RECEIVEBYTE?HD7279                     -----    -----      -----    -----      000AH    0002H
  +--> ?PR?_DELAY10US_4M?DELAY

*** NEW ROOT ***************************************************

?PR?TIME0?89C51_IT                               -----    -----      -----    -----      -----    -----
  +--> ?PR?_TIMERCLEAROVERFLOWFLAG?TIMER
  +--> ?PR?_DACOUT?ADC
  +--> ?PR?SETRUNTIME?TIMER

*** NEW ROOT ***************************************************

?PR?TIME1?89C51_IT                               -----    -----      -----    -----      -----    -----
  +--> ?PR?_TIMERCLEAROVERFLOWFLAG?TIMER
  +--> ?PR?SETRUNTIME?TIMER

*** NEW ROOT ***************************************************

?PR?EXIT1_HANDLER?89C51_IT                       -----    -----      -----    -----      -----    -----
BL51 BANKED LINKER/LOCATER V6.22.2.0                                                  12/28/2018  20:10:38  PAGE 6


  +--> ?PR?_GETVOLTAGE?ADC

?PR?_GETVOLTAGE?ADC                              -----    -----      -----    -----      004FH    0009H
  +--> ?PR?GETADCVALUE?ADC

*** NEW ROOT ***************************************************

?PR?UART1_ITHANDLER?89C51_IT                     -----    -----      -----    -----      -----    -----
  +--> ?PR?_UARTGETFLAGSTATUS?USART
  +--> ?PR?_UARTRECIEVEBYTE?USART
  +--> ?PR?_UARTCLEARFLAGSTATUS?USART



SYMBOL TABLE OF MODULE:  .\Objects\C81 (?C_STARTUP)

  VALUE           TYPE          NAME
  ----------------------------------

  -------         MODULE        ?C_STARTUP
  C:1AFEH         SEGMENT       ?C_C51STARTUP
  I:0022H         SEGMENT       ?STACK
  C:0000H         PUBLIC        ?C_STARTUP
  D:00E0H         SYMBOL        ACC
  D:00F0H         SYMBOL        B
  D:0083H         SYMBOL        DPH
  D:0082H         SYMBOL        DPL
  N:0000H         SYMBOL        IBPSTACK
  N:0100H         SYMBOL        IBPSTACKTOP
  N:0080H         SYMBOL        IDATALEN
  C:1B01H         SYMBOL        IDATALOOP
  N:0000H         SYMBOL        PBPSTACK
  N:0100H         SYMBOL        PBPSTACKTOP
  N:0000H         SYMBOL        PDATALEN
  N:0000H         SYMBOL        PDATASTART
  N:0000H         SYMBOL        PPAGE
  N:0000H         SYMBOL        PPAGEENABLE
  D:00A0H         SYMBOL        PPAGE_SFR
  D:0081H         SYMBOL        SP
  C:1AFEH         SYMBOL        STARTUP1
  N:0000H         SYMBOL        XBPSTACK
  N:0000H         SYMBOL        XBPSTACKTOP
  N:0000H         SYMBOL        XDATALEN
  N:0000H         SYMBOL        XDATASTART
  C:0000H         LINE#         126
  C:1AFEH         LINE#         133
  C:1B00H         LINE#         134
  C:1B01H         LINE#         135
  C:1B02H         LINE#         136
  C:1B04H         LINE#         185
  C:1B07H         LINE#         196
  -------         ENDMOD        ?C_STARTUP

  -------         MODULE        MAIN
  C:0000H         SYMBOL        _ICE_DUMMY_
  D:0080H         PUBLIC        P0
  D:0090H         PUBLIC        P1
BL51 BANKED LINKER/LOCATER V6.22.2.0                                                  12/28/2018  20:10:38  PAGE 7


  D:00A0H         PUBLIC        P2
  D:00B0H         PUBLIC        P3
  D:00C0H         PUBLIC        P4
  D:00C8H         PUBLIC        P5
  D:00E8H         PUBLIC        P6
  D:00F8H         PUBLIC        P7
  D:00A8H         PUBLIC        IE
  D:00B8H         PUBLIC        IP
  D:00D8H         PUBLIC        CCON
  C:1778H         PUBLIC        main
  D:0098H         PUBLIC        SCON
  D:0088H         PUBLIC        TCON
  X:00DEH         PUBLIC        microwBox
  C:0006H         SYMBOL        _?ix1000
  D:00D0H         PUBLIC        PSW
  -------         PROC          MAIN
  -------         DO            
  X:0000H         SYMBOL        keyValue
  X:0001H         SYMBOL        step
  X:0002H         SYMBOL        time20MsCnt
  X:0004H         SYMBOL        time1SCnt
  X:0006H         SYMBOL        timeMode
  -------         ENDDO         
  C:1778H         LINE#         388
  C:1778H         LINE#         389
  C:1778H         LINE#         390
  C:177DH         LINE#         391
  C:177FH         LINE#         392
  C:1783H         LINE#         393
  C:1789H         LINE#         395
  C:179CH         LINE#         397
  C:17A1H         LINE#         398
  C:17A3H         LINE#         400
  C:17A7H         LINE#         402
  C:17D0H         LINE#         404
  C:17D7H         LINE#         406
  C:17D7H         LINE#         407
  C:17D7H         LINE#         409
  C:17DDH         LINE#         410
  C:17DDH         LINE#         411
  C:17DFH         LINE#         412
  C:17EDH         LINE#         413
  C:1803H         LINE#         414
  C:1803H         LINE#         415
  C:180AH         LINE#         416
  C:1818H         LINE#         417
  C:1818H         LINE#         419
  C:1829H         LINE#         420
  C:1833H         LINE#         421
  C:1833H         LINE#         423
  C:1836H         LINE#         424
  C:183CH         LINE#         425
  C:183CH         LINE#         427
  C:1844H         LINE#         429
  C:1847H         LINE#         430
  C:1847H         LINE#         431
  C:184AH         LINE#         432
BL51 BANKED LINKER/LOCATER V6.22.2.0                                                  12/28/2018  20:10:38  PAGE 8


  C:1854H         LINE#         433
  C:1854H         LINE#         434
  C:1857H         LINE#         435
  C:1860H         LINE#         436
  C:1860H         LINE#         437
  C:1863H         LINE#         438
  C:1865H         LINE#         439
  C:1865H         LINE#         440
  C:1867H         LINE#         441
  C:1867H         LINE#         443
  C:187BH         LINE#         444
  C:187BH         LINE#         445
  C:187BH         LINE#         446
  C:1882H         LINE#         447
  C:1888H         LINE#         448
  C:188EH         LINE#         449
  C:1891H         LINE#         450
  C:1891H         LINE#         452
  C:1898H         LINE#         453
  C:189BH         LINE#         454
  C:189BH         LINE#         455
  C:18A2H         LINE#         456
  C:18A8H         LINE#         457
  C:18AEH         LINE#         458
  C:18B1H         LINE#         459
  C:18B1H         LINE#         461
  C:18B8H         LINE#         462
  -------         ENDPROC       MAIN
  -------         ENDMOD        MAIN

  -------         MODULE        PIO_1
  C:0000H         SYMBOL        _ICE_DUMMY_
  D:0080H         PUBLIC        P0
  D:0090H         PUBLIC        P1
  D:00A0H         PUBLIC        P2
  D:00B0H         PUBLIC        P3
  D:00C0H         PUBLIC        P4
  D:00C8H         PUBLIC        P5
  D:00E8H         PUBLIC        P6
  D:00F8H         PUBLIC        P7
  D:00A8H         PUBLIC        IE
  D:00B8H         PUBLIC        IP
  C:22D1H         PUBLIC        _Flow
  D:00D8H         PUBLIC        CCON
  X:FA00H         PUBLIC        PLED_374
  C:1F5EH         PUBLIC        _BlinkIn4_P374
  D:0098H         PUBLIC        SCON
  D:0088H         PUBLIC        TCON
  C:28F1H         PUBLIC        ShowInput
  C:2921H         PUBLIC        led_flow_p374
  C:224DH         PUBLIC        _Flow_P374Contrary
  C:2929H         PUBLIC        LedAllOff
  C:1EA6H         PUBLIC        _FlowLedOnly
  C:2644H         PUBLIC        Key2LedBinary
  C:2004H         PUBLIC        _BlinkIn4
  C:220BH         PUBLIC        _Flow_P374
  C:2311H         PUBLIC        _FlowContrary
BL51 BANKED LINKER/LOCATER V6.22.2.0                                                  12/28/2018  20:10:38  PAGE 9


  C:2930H         PUBLIC        _showNum
  D:00D0H         PUBLIC        PSW
  -------         PROC          SHOWINPUT
  -------         DO            
  D:0007H         SYMBOL        p1Input
  -------         ENDDO         
  C:28F1H         LINE#         8
  C:28F1H         LINE#         9
  C:28F1H         LINE#         10
  C:28F1H         LINE#         13
  C:28F4H         LINE#         15
  C:28F8H         LINE#         17
  C:28FBH         LINE#         18
  C:28FDH         LINE#         20
  -------         ENDPROC       SHOWINPUT
  -------         PROC          _BLINKIN4
  X:0129H         SYMBOL        period
  -------         DO            
  X:00BAH         SYMBOL        blinkTimeCounter
  -------         ENDDO         
  C:2004H         LINE#         23
  C:200CH         LINE#         24
  C:200CH         LINE#         27
  C:201AH         LINE#         28
  C:203DH         LINE#         30
  C:204CH         LINE#         31
  C:204CH         LINE#         32
  C:204FH         LINE#         33
  C:2050H         LINE#         35
  C:2050H         LINE#         36
  C:2053H         LINE#         37
  C:2053H         LINE#         38
  -------         ENDPROC       _BLINKIN4
  -------         PROC          _FLOW
  D:0004H         SYMBOL        flowPeriod
  -------         DO            
  X:00BCH         SYMBOL        flowCounter
  X:00BEH         SYMBOL        flowState
  -------         ENDDO         
  C:22D1H         LINE#         41
  C:22D5H         LINE#         42
  C:22D5H         LINE#         46
  C:22E3H         LINE#         47
  C:22F6H         LINE#         50
  C:22FCH         LINE#         52
  C:2300H         LINE#         53
  C:2300H         LINE#         54
  C:2305H         LINE#         55
  C:2305H         LINE#         56
  C:2309H         LINE#         57
  C:230AH         LINE#         59
  C:230AH         LINE#         60
  C:2310H         LINE#         61
  C:2310H         LINE#         62
  C:2310H         LINE#         63
  -------         ENDPROC       _FLOW
  -------         PROC          _FLOWCONTRARY
BL51 BANKED LINKER/LOCATER V6.22.2.0                                                  12/28/2018  20:10:38  PAGE 10


  D:0004H         SYMBOL        flowPeriod
  -------         DO            
  X:00BFH         SYMBOL        flowCounter
  X:00C1H         SYMBOL        flowState
  -------         ENDDO         
  C:2311H         LINE#         66
  C:2315H         LINE#         67
  C:2315H         LINE#         71
  C:2323H         LINE#         72
  C:2336H         LINE#         75
  C:233CH         LINE#         77
  C:2340H         LINE#         78
  C:2340H         LINE#         79
  C:2345H         LINE#         80
  C:2345H         LINE#         81
  C:2349H         LINE#         82
  C:234AH         LINE#         84
  C:234AH         LINE#         85
  C:2350H         LINE#         86
  C:2350H         LINE#         87
  C:2350H         LINE#         88
  -------         ENDPROC       _FLOWCONTRARY
  -------         PROC          _FLOWLEDONLY
  D:0002H         SYMBOL        flowPeriod
  -------         DO            
  X:00C2H         SYMBOL        flowCounter
  X:00C4H         SYMBOL        flowState
  -------         ENDDO         
  C:1EA6H         LINE#         91
  C:1EAAH         LINE#         92
  C:1EAAH         LINE#         96
  C:1EB8H         LINE#         97
  C:1ECFH         LINE#         99
  C:1ED2H         LINE#         100
  C:1ED2H         LINE#         101
  C:1ED9H         LINE#         102
  C:1ED9H         LINE#         103
  C:1EDDH         LINE#         104
  C:1EDEH         LINE#         106
  C:1EDEH         LINE#         107
  C:1EE4H         LINE#         108
  C:1EE4H         LINE#         109
  C:1EF9H         LINE#         110
  C:1EF9H         LINE#         112
  C:1EFCH         LINE#         113
  C:1EFDH         LINE#         114
  C:1EFDH         LINE#         116
  C:1F04H         LINE#         117
  C:1F04H         LINE#         118
  -------         ENDPROC       _FLOWLEDONLY
  -------         PROC          KEY2LEDBINARY
  C:2644H         LINE#         121
  C:2644H         LINE#         122
  C:2644H         LINE#         123
  C:2649H         LINE#         124
  C:2649H         LINE#         125
  C:2649H         LINE#         126
BL51 BANKED LINKER/LOCATER V6.22.2.0                                                  12/28/2018  20:10:38  PAGE 11


  C:2650H         LINE#         127
  C:2650H         LINE#         128
  C:2653H         LINE#         129
  C:2654H         LINE#         130
  C:2659H         LINE#         131
  C:2659H         LINE#         132
  C:265CH         LINE#         133
  C:2662H         LINE#         134
  C:2662H         LINE#         135
  C:2665H         LINE#         136
  C:2666H         LINE#         137
  C:2666H         LINE#         138
  C:2669H         LINE#         139
  C:2669H         LINE#         140
  -------         ENDPROC       KEY2LEDBINARY
  -------         PROC          LED_FLOW_P374
  -------         DO            
  D:0007H         SYMBOL        status
  -------         ENDDO         
  C:2921H         LINE#         142
  C:2921H         LINE#         143
  C:2921H         LINE#         144
  C:2921H         LINE#         145
  C:2923H         LINE#         146
  C:2928H         LINE#         147
  -------         ENDPROC       LED_FLOW_P374
  -------         PROC          _BLINKIN4_P374
  X:012BH         SYMBOL        period
  -------         DO            
  X:00C5H         SYMBOL        blinkTimeCounter
  -------         ENDDO         
  C:1F5EH         LINE#         150
  C:1F66H         LINE#         151
  C:1F66H         LINE#         154
  C:1F74H         LINE#         155
  C:1F97H         LINE#         157
  C:1FA9H         LINE#         158
  C:1FA9H         LINE#         159
  C:1FACH         LINE#         160
  C:1FADH         LINE#         162
  C:1FADH         LINE#         163
  C:1FB0H         LINE#         164
  C:1FB0H         LINE#         165
  -------         ENDPROC       _BLINKIN4_P374
  -------         PROC          _FLOW_P374
  D:0004H         SYMBOL        flowPeriod
  -------         DO            
  X:00C7H         SYMBOL        flowCounter
  X:00C9H         SYMBOL        flowState
  -------         ENDDO         
  C:220BH         LINE#         168
  C:220FH         LINE#         169
  C:220FH         LINE#         173
  C:221DH         LINE#         174
  C:2230H         LINE#         177
  C:2238H         LINE#         179
  C:223CH         LINE#         180
BL51 BANKED LINKER/LOCATER V6.22.2.0                                                  12/28/2018  20:10:38  PAGE 12


  C:223CH         LINE#         181
  C:2244H         LINE#         182
  C:2244H         LINE#         183
  C:2248H         LINE#         184
  C:2249H         LINE#         186
  C:2249H         LINE#         187
  C:224CH         LINE#         188
  C:224CH         LINE#         189
  C:224CH         LINE#         190
  -------         ENDPROC       _FLOW_P374
  -------         PROC          _FLOW_P374CONTRARY
  D:0004H         SYMBOL        flowPeriod
  -------         DO            
  X:00CAH         SYMBOL        flowCounter
  X:00CCH         SYMBOL        flowState
  -------         ENDDO         
  C:224DH         LINE#         193
  C:2251H         LINE#         194
  C:2251H         LINE#         198
  C:225FH         LINE#         199
  C:2272H         LINE#         202
  C:227AH         LINE#         204
  C:227EH         LINE#         205
  C:227EH         LINE#         206
  C:2286H         LINE#         207
  C:2286H         LINE#         208
  C:228AH         LINE#         209
  C:228BH         LINE#         211
  C:228BH         LINE#         212
  C:228EH         LINE#         213
  C:228EH         LINE#         214
  C:228EH         LINE#         215
  -------         ENDPROC       _FLOW_P374CONTRARY
  -------         PROC          LEDALLOFF
  C:2929H         LINE#         217
  C:2929H         LINE#         218
  C:2929H         LINE#         219
  C:292FH         LINE#         220
  -------         ENDPROC       LEDALLOFF
  -------         PROC          _SHOWNUM
  D:0007H         SYMBOL        dataNum
  C:2930H         LINE#         222
  C:2930H         LINE#         223
  C:2930H         LINE#         224
  C:2935H         LINE#         225
  -------         ENDPROC       _SHOWNUM
  -------         ENDMOD        PIO_1

  -------         MODULE        GPIO
  C:0000H         SYMBOL        _ICE_DUMMY_
  D:0092H         PUBLIC        P1M0
  D:0093H         PUBLIC        P0M1
  C:2753H         PUBLIC        _GPIOSetBit
  D:0096H         PUBLIC        P2M0
  D:0091H         PUBLIC        P1M1
  D:0080H         PUBLIC        P0
  D:00B2H         PUBLIC        P3M0
BL51 BANKED LINKER/LOCATER V6.22.2.0                                                  12/28/2018  20:10:38  PAGE 13


  D:0095H         PUBLIC        P2M1
  D:0090H         PUBLIC        P1
  D:00B1H         PUBLIC        P3M1
  D:00A0H         PUBLIC        P2
  D:00B0H         PUBLIC        P3
  D:00C0H         PUBLIC        P4
  D:00C8H         PUBLIC        P5
  D:00E8H         PUBLIC        P6
  D:00F8H         PUBLIC        P7
  D:00A8H         PUBLIC        IE
  D:00B8H         PUBLIC        IP
  D:00D8H         PUBLIC        CCON
  D:0098H         PUBLIC        SCON
  D:0088H         PUBLIC        TCON
  C:254BH         PUBLIC        _GPIOReadByte
  C:1C11H         PUBLIC        _GPIOInit
  C:20EEH         PUBLIC        _GPIOReadBit
  C:268EH         PUBLIC        _GPIOResetBit
  D:00D0H         PUBLIC        PSW
  D:0094H         PUBLIC        P0M0
  -------         PROC          _GPIOINIT
  D:0007H         SYMBOL        GPIOPort
  D:0005H         SYMBOL        GPIOPin
  D:0003H         SYMBOL        GPIOMode
  C:1C11H         LINE#         8
  C:1C11H         LINE#         9
  C:1C11H         LINE#         11
  C:1C1FH         LINE#         12
  C:1C1FH         LINE#         13
  C:1C1FH         LINE#         14
  C:1C23H         LINE#         15
  C:1C23H         LINE#         16
  C:1C26H         LINE#         17
  C:1C28H         LINE#         19
  C:1C28H         LINE#         20
  C:1C2CH         LINE#         21
  C:1C2CH         LINE#         22
  C:1C30H         LINE#         23
  C:1C30H         LINE#         24
  C:1C33H         LINE#         25
  C:1C34H         LINE#         27
  C:1C34H         LINE#         28
  C:1C38H         LINE#         29
  C:1C38H         LINE#         30
  C:1C39H         LINE#         31
  C:1C39H         LINE#         32
  C:1C3DH         LINE#         33
  C:1C3DH         LINE#         34
  C:1C40H         LINE#         35
  C:1C42H         LINE#         37
  C:1C42H         LINE#         38
  C:1C46H         LINE#         39
  C:1C46H         LINE#         40
  C:1C4AH         LINE#         41
  C:1C4AH         LINE#         42
  C:1C4DH         LINE#         43
  C:1C4EH         LINE#         45
BL51 BANKED LINKER/LOCATER V6.22.2.0                                                  12/28/2018  20:10:38  PAGE 14


  C:1C4EH         LINE#         46
  C:1C52H         LINE#         47
  C:1C52H         LINE#         48
  C:1C53H         LINE#         49
  C:1C53H         LINE#         50
  C:1C57H         LINE#         51
  C:1C57H         LINE#         52
  C:1C5AH         LINE#         53
  C:1C5CH         LINE#         55
  C:1C5CH         LINE#         56
  C:1C60H         LINE#         57
  C:1C60H         LINE#         58
  C:1C64H         LINE#         59
  C:1C64H         LINE#         60
  C:1C67H         LINE#         61
  C:1C68H         LINE#         63
  C:1C68H         LINE#         64
  C:1C6CH         LINE#         65
  C:1C6CH         LINE#         66
  C:1C6DH         LINE#         67
  C:1C6DH         LINE#         68
  C:1C71H         LINE#         69
  C:1C71H         LINE#         70
  C:1C74H         LINE#         71
  C:1C76H         LINE#         73
  C:1C76H         LINE#         74
  C:1C7AH         LINE#         75
  C:1C7AH         LINE#         76
  C:1C7EH         LINE#         77
  C:1C7EH         LINE#         78
  C:1C81H         LINE#         79
  C:1C82H         LINE#         81
  C:1C82H         LINE#         82
  C:1C86H         LINE#         83
  C:1C86H         LINE#         84
  C:1C86H         LINE#         85
  C:1C86H         LINE#         86
  C:1C86H         LINE#         87
  C:1C86H         LINE#         89
  -------         ENDPROC       _GPIOINIT
  -------         PROC          _GPIOSETBIT
  D:0007H         SYMBOL        GPIOPort
  D:0005H         SYMBOL        GPIOPin
  C:2753H         LINE#         92
  C:2753H         LINE#         93
  C:2753H         LINE#         94
  C:2761H         LINE#         95
  C:2761H         LINE#         96
  C:2761H         LINE#         97
  C:2764H         LINE#         98
  C:2765H         LINE#         99
  C:2765H         LINE#         100
  C:2768H         LINE#         101
  C:2769H         LINE#         102
  C:2769H         LINE#         103
  C:276CH         LINE#         104
  C:276DH         LINE#         105
BL51 BANKED LINKER/LOCATER V6.22.2.0                                                  12/28/2018  20:10:38  PAGE 15


  C:276DH         LINE#         106
  C:2770H         LINE#         107
  C:2770H         LINE#         108
  C:2770H         LINE#         109
  C:2770H         LINE#         110
  C:2770H         LINE#         112
  -------         ENDPROC       _GPIOSETBIT
  -------         PROC          _GPIORESETBIT
  D:0007H         SYMBOL        GPIOPort
  D:0005H         SYMBOL        GPIOPin
  C:268EH         LINE#         115
  C:268EH         LINE#         116
  C:268EH         LINE#         117
  C:269CH         LINE#         118
  C:269CH         LINE#         119
  C:269CH         LINE#         120
  C:26A0H         LINE#         121
  C:26A1H         LINE#         122
  C:26A1H         LINE#         123
  C:26A5H         LINE#         124
  C:26A6H         LINE#         125
  C:26A6H         LINE#         126
  C:26AAH         LINE#         127
  C:26ABH         LINE#         128
  C:26ABH         LINE#         129
  C:26AFH         LINE#         130
  C:26AFH         LINE#         131
  C:26AFH         LINE#         132
  C:26AFH         LINE#         133
  C:26AFH         LINE#         134
  -------         ENDPROC       _GPIORESETBIT
  -------         PROC          _GPIOREADBIT
  D:0007H         SYMBOL        GPIOPort
  D:0005H         SYMBOL        GPIOPin
  C:20EEH         LINE#         137
  C:20EEH         LINE#         138
  C:20EEH         LINE#         139
  C:20FCH         LINE#         140
  C:20FCH         LINE#         141
  C:20FCH         LINE#         142
  C:20FFH         LINE#         143
  C:210AH         LINE#         144
  C:210AH         LINE#         145
  C:210AH         LINE#         146
  C:210DH         LINE#         147
  C:2118H         LINE#         148
  C:2118H         LINE#         149
  C:2118H         LINE#         150
  C:211BH         LINE#         151
  C:2126H         LINE#         152
  C:2126H         LINE#         153
  C:2126H         LINE#         154
  C:2129H         LINE#         155
  C:2134H         LINE#         156
  C:2134H         LINE#         157
  C:2134H         LINE#         158
  C:2136H         LINE#         159
BL51 BANKED LINKER/LOCATER V6.22.2.0                                                  12/28/2018  20:10:38  PAGE 16


  C:2136H         LINE#         160
  C:2136H         LINE#         161
  -------         ENDPROC       _GPIOREADBIT
  -------         PROC          _GPIOREADBYTE
  D:0007H         SYMBOL        GPIOPort
  C:254BH         LINE#         164
  C:254BH         LINE#         165
  C:254BH         LINE#         166
  C:2559H         LINE#         167
  C:2559H         LINE#         168
  C:2559H         LINE#         169
  C:255CH         LINE#         170
  C:2560H         LINE#         171
  C:2560H         LINE#         172
  C:2560H         LINE#         173
  C:2563H         LINE#         174
  C:2567H         LINE#         175
  C:2567H         LINE#         176
  C:2567H         LINE#         177
  C:256AH         LINE#         178
  C:256EH         LINE#         179
  C:256EH         LINE#         180
  C:256EH         LINE#         181
  C:2571H         LINE#         182
  C:2575H         LINE#         183
  C:2575H         LINE#         184
  C:2575H         LINE#         185
  C:2577H         LINE#         186
  C:2577H         LINE#         187
  C:2577H         LINE#         188
  -------         ENDPROC       _GPIOREADBYTE
  -------         ENDMOD        GPIO

  -------         MODULE        STEPMOTOR
  C:0000H         SYMBOL        _ICE_DUMMY_
  D:0080H         PUBLIC        P0
  D:0090H         PUBLIC        P1
  D:00A0H         PUBLIC        P2
  D:00B0H         PUBLIC        P3
  D:00C0H         PUBLIC        P4
  D:00C8H         PUBLIC        P5
  D:00E8H         PUBLIC        P6
  D:00F8H         PUBLIC        P7
  D:00A8H         PUBLIC        IE
  C:12C4H         PUBLIC        _StepMotorSpeedControl
  D:00B8H         PUBLIC        IP
  C:2936H         PUBLIC        getStepMotorCtrlCmd
  D:00D8H         PUBLIC        CCON
  D:0098H         PUBLIC        SCON
  D:0088H         PUBLIC        TCON
  C:266AH         PUBLIC        StepMotorPinInit
  D:00D0H         PUBLIC        PSW
  -------         PROC          STEPMOTORPININIT
  C:266AH         LINE#         5
  C:266AH         LINE#         6
  C:266AH         LINE#         7
  C:2673H         LINE#         8
BL51 BANKED LINKER/LOCATER V6.22.2.0                                                  12/28/2018  20:10:38  PAGE 17


  C:267CH         LINE#         9
  C:2685H         LINE#         10
  -------         ENDPROC       STEPMOTORPININIT
  -------         PROC          _STEPMOTORSPEEDCONTROL
  X:0125H         SYMBOL        vel
  -------         DO            
  X:0120H         SYMBOL        state
  X:0121H         SYMBOL        counter
  -------         ENDDO         
  C:12C4H         LINE#         13
  C:12CAH         LINE#         14
  C:12CAH         LINE#         18
  C:12F5H         LINE#         19
  C:12F5H         LINE#         20
  C:12F5H         LINE#         21
  C:12FCH         LINE#         22
  C:1303H         LINE#         23
  C:1303H         LINE#         24
  C:1303H         LINE#         25
  C:1305H         LINE#         26
  C:1305H         LINE#         27
  C:130CH         LINE#         28
  C:1313H         LINE#         29
  C:1313H         LINE#         30
  C:1313H         LINE#         31
  C:1315H         LINE#         32
  C:1315H         LINE#         33
  C:131CH         LINE#         34
  C:1323H         LINE#         35
  C:132AH         LINE#         36
  C:132AH         LINE#         37
  C:132CH         LINE#         38
  C:132CH         LINE#         39
  C:1333H         LINE#         40
  C:133AH         LINE#         41
  C:1341H         LINE#         42
  C:1341H         LINE#         43
  C:1343H         LINE#         44
  C:1343H         LINE#         45
  C:134AH         LINE#         46
  C:1351H         LINE#         47
  C:1358H         LINE#         48
  C:135FH         LINE#         49
  C:1361H         LINE#         50
  C:1361H         LINE#         51
  C:1368H         LINE#         52
  C:136FH         LINE#         53
  C:1376H         LINE#         54
  C:1376H         LINE#         55
  C:1378H         LINE#         56
  C:1378H         LINE#         57
  C:137FH         LINE#         58
  C:1386H         LINE#         59
  C:138DH         LINE#         60
  C:138DH         LINE#         61
  C:138FH         LINE#         62
  C:138FH         LINE#         63
BL51 BANKED LINKER/LOCATER V6.22.2.0                                                  12/28/2018  20:10:38  PAGE 18


  C:1396H         LINE#         64
  C:139DH         LINE#         65
  C:13A4H         LINE#         66
  C:13ABH         LINE#         67
  C:13ABH         LINE#         68
  C:13ABH         LINE#         69
  C:13ABH         LINE#         70
  C:13ABH         LINE#         72
  C:13CAH         LINE#         74
  C:140FH         LINE#         75
  C:140FH         LINE#         76
  C:1419H         LINE#         77
  C:1433H         LINE#         78
  C:1433H         LINE#         81
  C:1439H         LINE#         82
  C:143DH         LINE#         83
  C:143EH         LINE#         84
  C:1456H         LINE#         85
  C:1456H         LINE#         87
  C:145FH         LINE#         88
  C:145FH         LINE#         89
  C:1462H         LINE#         90
  C:1462H         LINE#         91
  C:1468H         LINE#         92
  C:1468H         LINE#         93
  C:1468H         LINE#         94
  -------         ENDPROC       _STEPMOTORSPEEDCONTROL
  -------         PROC          GETSTEPMOTORCTRLCMD
  C:2936H         LINE#         104
  C:2936H         LINE#         105
  C:2936H         LINE#         106
  C:293BH         LINE#         107
  -------         ENDPROC       GETSTEPMOTORCTRLCMD
  -------         ENDMOD        STEPMOTOR

  -------         MODULE        DELAY
  C:0000H         SYMBOL        _ICE_DUMMY_
  C:2855H         PUBLIC        _Delay10Us_4M
  C:27DFH         PUBLIC        _Delay10Us
  C:26B0H         PUBLIC        _DelayMs
  C:2890H         PUBLIC        _DelayUs
  C:28D3H         PUBLIC        Delay500ms
  -------         PROC          _DELAYMS
  D:0006H         SYMBOL        timeMs
  -------         DO            
  D:0004H         SYMBOL        nMsCounter
  D:0002H         SYMBOL        msCounter
  D:0001H         SYMBOL        i
  -------         ENDDO         
  C:26B0H         LINE#         8
  C:26B0H         LINE#         9
  C:26B0H         LINE#         11
  C:26B3H         LINE#         12
  C:26B3H         LINE#         13
  C:26B3H         LINE#         14
  C:26BAH         LINE#         15
  C:26BAH         LINE#         16
BL51 BANKED LINKER/LOCATER V6.22.2.0                                                  12/28/2018  20:10:38  PAGE 19


  C:26BDH         LINE#         17
  C:26BDH         LINE#         18
  C:26BFH         LINE#         19
  C:26CAH         LINE#         20
  C:26D1H         LINE#         21
  -------         ENDPROC       _DELAYMS
  -------         PROC          _DELAYUS
  D:0006H         SYMBOL        i
  C:2890H         LINE#         23
  C:2890H         LINE#         24
  C:2890H         LINE#         25
  C:28A0H         LINE#         26
  -------         ENDPROC       _DELAYUS
  -------         PROC          _DELAY10US
  D:0006H         SYMBOL        timeUs
  -------         DO            
  D:0004H         SYMBOL        nUsCounter
  D:0003H         SYMBOL        usCounter
  -------         ENDDO         
  C:27DFH         LINE#         28
  C:27DFH         LINE#         29
  C:27DFH         LINE#         31
  C:27E2H         LINE#         32
  C:27E2H         LINE#         33
  C:27E9H         LINE#         34
  C:27E9H         LINE#         35
  C:27EBH         LINE#         36
  C:27EBH         LINE#         38
  C:27F0H         LINE#         39
  C:27F7H         LINE#         40
  -------         ENDPROC       _DELAY10US
  -------         PROC          _DELAY10US_4M
  D:0006H         SYMBOL        timeUs
  -------         DO            
  D:0004H         SYMBOL        nUsCounter
  -------         ENDDO         
  C:2855H         LINE#         42
  C:2855H         LINE#         43
  C:2855H         LINE#         44
  C:2858H         LINE#         45
  C:285FH         LINE#         46
  C:285FH         LINE#         47
  C:2860H         LINE#         48
  C:2861H         LINE#         49
  C:2862H         LINE#         50
  C:2869H         LINE#         51
  -------         ENDPROC       _DELAY10US_4M
  -------         PROC          DELAY500MS
  -------         DO            
  D:0007H         SYMBOL        i
  D:0006H         SYMBOL        j
  D:0005H         SYMBOL        k
  -------         ENDDO         
  C:28D3H         LINE#         53
  C:28D3H         LINE#         54
  C:28D3H         LINE#         57
  C:28D4H         LINE#         58
BL51 BANKED LINKER/LOCATER V6.22.2.0                                                  12/28/2018  20:10:38  PAGE 20


  C:28D5H         LINE#         59
  C:28D7H         LINE#         60
  C:28D9H         LINE#         61
  C:28DBH         LINE#         63
  C:28DBH         LINE#         65
  C:28DBH         LINE#         66
  C:28DDH         LINE#         67
  C:28DFH         LINE#         68
  C:28E1H         LINE#         69
  -------         ENDPROC       DELAY500MS
  -------         ENDMOD        DELAY

  -------         MODULE        TIMER
  C:0000H         SYMBOL        _ICE_DUMMY_
  D:0080H         PUBLIC        P0
  D:0090H         PUBLIC        P1
  D:00A0H         PUBLIC        P2
  D:00B0H         PUBLIC        P3
  D:00C0H         PUBLIC        P4
  D:00C8H         PUBLIC        P5
  B:00A8H.7       PUBLIC        EA
  D:00E8H         PUBLIC        P6
  D:00F8H         PUBLIC        P7
  D:00A8H         PUBLIC        IE
  C:28E2H         PUBLIC        _TimerOverFlowItInit
  C:278EH         PUBLIC        setRunTime
  D:00B8H         PUBLIC        IP
  C:25A5H         PUBLIC        _TimerCmd
  D:00D8H         PUBLIC        CCON
  C:28FEH         PUBLIC        _TimerClearOverFlowFlag
  C:1C87H         PUBLIC        _TimeInit
  C:1F05H         PUBLIC        _TimeModeInit
  C:160BH         PUBLIC        _ShowTimeString
  D:0098H         PUBLIC        SCON
  D:0089H         PUBLIC        TMOD
  D:0088H         PUBLIC        TCON
  C:1B8AH         PUBLIC        _TimeReloadNumInit
  C:286DH         SYMBOL        _?ix1000
  C:2875H         SYMBOL        _?ix1001
  B:00A8H.1       PUBLIC        ET0
  B:0088H.5       PUBLIC        TF0
  B:00A8H.3       PUBLIC        ET1
  B:0088H.7       PUBLIC        TF1
  D:008CH         PUBLIC        TH0
  D:008DH         PUBLIC        TH1
  D:008AH         PUBLIC        TL0
  D:008BH         PUBLIC        TL1
  D:00D0H         PUBLIC        PSW
  C:2810H         PUBLIC        _TimerGetOverFlowITFlag
  -------         PROC          _TIMERCMD
  D:0007H         SYMBOL        TIMx
  D:0005H         SYMBOL        newState
  C:25A5H         LINE#         9
  C:25A5H         LINE#         10
  C:25A5H         LINE#         12
  C:25A9H         LINE#         13
  C:25A9H         LINE#         14
BL51 BANKED LINKER/LOCATER V6.22.2.0                                                  12/28/2018  20:10:38  PAGE 21


  C:25BAH         LINE#         15
  C:25BBH         LINE#         17
  C:25BBH         LINE#         18
  C:25CDH         LINE#         19
  C:25CDH         LINE#         21
  -------         ENDPROC       _TIMERCMD
  -------         PROC          _TIMERGETOVERFLOWITFLAG
  D:0007H         SYMBOL        TIMx
  -------         DO            
  D:0006H         SYMBOL        tempItFlag
  -------         ENDDO         
  C:2810H         LINE#         24
  C:2810H         LINE#         25
  C:2810H         LINE#         26
  C:2812H         LINE#         28
  C:2815H         LINE#         29
  C:2815H         LINE#         30
  C:2819H         LINE#         31
  C:281BH         LINE#         32
  C:281FH         LINE#         33
  C:281FH         LINE#         34
  C:2824H         LINE#         35
  C:2824H         LINE#         36
  C:2826H         LINE#         37
  -------         ENDPROC       _TIMERGETOVERFLOWITFLAG
  -------         PROC          _TIMERCLEAROVERFLOWFLAG
  D:0007H         SYMBOL        TIMx
  C:28FEH         LINE#         40
  C:28FEH         LINE#         41
  C:28FEH         LINE#         43
  C:2901H         LINE#         44
  C:2901H         LINE#         45
  C:2903H         LINE#         46
  C:2904H         LINE#         47
  C:2908H         LINE#         48
  C:2908H         LINE#         49
  C:290AH         LINE#         50
  C:290AH         LINE#         51
  -------         ENDPROC       _TIMERCLEAROVERFLOWFLAG
  -------         PROC          _TIMEMODEINIT
  D:0007H         SYMBOL        TIMx
  X:0014H         SYMBOL        timeMode
  -------         DO            
  D:0006H         SYMBOL        tempCrl
  -------         ENDDO         
  C:1F05H         LINE#         54
  C:1F05H         LINE#         55
  C:1F05H         LINE#         56
  C:1F07H         LINE#         60
  C:1F1DH         LINE#         62
  C:1F31H         LINE#         64
  C:1F4DH         LINE#         66
  C:1F5DH         LINE#         67
  -------         ENDPROC       _TIMEMODEINIT
  -------         PROC          _TIMERELOADNUMINIT
  X:0013H         SYMBOL        TIMx
  X:0014H         SYMBOL        timerMode
BL51 BANKED LINKER/LOCATER V6.22.2.0                                                  12/28/2018  20:10:38  PAGE 22


  X:0015H         SYMBOL        timerPeriod
  X:0019H         SYMBOL        mechinePeriod
  -------         DO            
  X:001BH         SYMBOL        bitNum
  D:0006H         SYMBOL        reloadNum
  -------         ENDDO         
  C:1B8AH         LINE#         70
  C:1B92H         LINE#         71
  C:1B92H         LINE#         72
  C:1B99H         LINE#         73
  C:1B99H         LINE#         76
  C:1B9FH         LINE#         77
  C:1B9FH         LINE#         78
  C:1BA7H         LINE#         79
  C:1BA9H         LINE#         81
  C:1BA9H         LINE#         82
  C:1BB2H         LINE#         83
  C:1BB2H         LINE#         86
  C:1BDDH         LINE#         90
  C:1BE4H         LINE#         91
  C:1BE4H         LINE#         92
  C:1BE9H         LINE#         93
  C:1BE9H         LINE#         94
  C:1BECH         LINE#         95
  C:1BEEH         LINE#         96
  C:1BEFH         LINE#         97
  C:1BEFH         LINE#         98
  C:1BF2H         LINE#         99
  C:1BF5H         LINE#         100
  C:1BF5H         LINE#         101
  C:1BF6H         LINE#         102
  C:1BFBH         LINE#         103
  C:1BFBH         LINE#         104
  C:1C02H         LINE#         105
  C:1C02H         LINE#         106
  C:1C07H         LINE#         107
  C:1C09H         LINE#         108
  C:1C0AH         LINE#         109
  C:1C0AH         LINE#         110
  C:1C0DH         LINE#         111
  C:1C10H         LINE#         112
  C:1C10H         LINE#         113
  C:1C10H         LINE#         114
  -------         ENDPROC       _TIMERELOADNUMINIT
  -------         PROC          _TIMEINIT
  X:0009H         SYMBOL        TIMx
  X:000AH         SYMBOL        timeMode
  X:000DH         SYMBOL        timerPeriod
  X:0011H         SYMBOL        mechinePeriod
  C:1C87H         LINE#         117
  C:1C8CH         LINE#         118
  C:1C8CH         LINE#         121
  C:1CA6H         LINE#         124
  C:1CD6H         LINE#         125
  C:1CDDH         LINE#         126
  C:1CDDH         LINE#         127
  C:1CE4H         LINE#         128
BL51 BANKED LINKER/LOCATER V6.22.2.0                                                  12/28/2018  20:10:38  PAGE 23


  C:1CE4H         LINE#         129
  C:1CE6H         LINE#         130
  C:1CE8H         LINE#         131
  C:1CEAH         LINE#         132
  C:1CEEH         LINE#         133
  C:1CEEH         LINE#         134
  C:1CF1H         LINE#         135
  C:1CF3H         LINE#         136
  C:1CF3H         LINE#         137
  C:1CF3H         LINE#         140
  -------         ENDPROC       _TIMEINIT
  -------         PROC          _TIMEROVERFLOWITINIT
  D:0007H         SYMBOL        TIMx
  D:0005H         SYMBOL        newState
  C:28E2H         LINE#         145
  C:28E2H         LINE#         146
  C:28E2H         LINE#         148
  C:28E6H         LINE#         149
  C:28E6H         LINE#         150
  C:28E8H         LINE#         151
  C:28E8H         LINE#         152
  C:28EBH         LINE#         153
  C:28EBH         LINE#         154
  C:28EDH         LINE#         155
  C:28EEH         LINE#         156
  C:28EEH         LINE#         157
  C:28F0H         LINE#         158
  C:28F0H         LINE#         159
  -------         ENDPROC       _TIMEROVERFLOWITINIT
  -------         PROC          SETRUNTIME
  C:278EH         LINE#         163
  C:278EH         LINE#         164
  C:278EH         LINE#         165
  C:279DH         LINE#         166
  C:279DH         LINE#         167
  C:27A3H         LINE#         168
  C:27A8H         LINE#         169
  C:27A8H         LINE#         170
  -------         ENDPROC       SETRUNTIME
  -------         PROC          _SHOWTIMESTRING
  X:0078H         SYMBOL        hour
  X:007AH         SYMBOL        min
  X:007CH         SYMBOL        sec
  -------         DO            
  X:007EH         SYMBOL        timeData
  X:0086H         SYMBOL        tempBuf
  -------         ENDDO         
  C:160BH         LINE#         173
  C:161FH         LINE#         174
  C:161FH         LINE#         175
  C:1632H         LINE#         176
  C:1645H         LINE#         178
  C:166FH         LINE#         179
  C:166FH         LINE#         181
  C:166FH         LINE#         182
  C:1695H         LINE#         183
  C:16A6H         LINE#         184
BL51 BANKED LINKER/LOCATER V6.22.2.0                                                  12/28/2018  20:10:38  PAGE 24


  C:16A6H         LINE#         185
  C:16ACH         LINE#         186
  C:16AFH         LINE#         187
  C:16B1H         LINE#         188
  C:16B1H         LINE#         189
  C:16B9H         LINE#         190
  C:16C1H         LINE#         191
  C:16C1H         LINE#         192
  C:16C7H         LINE#         194
  C:16EDH         LINE#         195
  C:16FFH         LINE#         196
  C:16FFH         LINE#         197
  C:1705H         LINE#         198
  C:1708H         LINE#         199
  C:170AH         LINE#         200
  C:170AH         LINE#         201
  C:1712H         LINE#         202
  C:171AH         LINE#         203
  C:171AH         LINE#         204
  C:1720H         LINE#         207
  C:173DH         LINE#         208
  C:174EH         LINE#         209
  C:174EH         LINE#         210
  C:1754H         LINE#         211
  C:175CH         LINE#         212
  C:175EH         LINE#         213
  C:175EH         LINE#         214
  C:1766H         LINE#         215
  C:176EH         LINE#         216
  C:176EH         LINE#         217
  C:1777H         LINE#         218
  -------         ENDPROC       _SHOWTIMESTRING
  -------         ENDMOD        TIMER

  -------         MODULE        89C51_IT
  C:0000H         SYMBOL        _ICE_DUMMY_
  D:0080H         PUBLIC        P0
  D:0090H         PUBLIC        P1
  D:00A0H         PUBLIC        P2
  D:00B0H         PUBLIC        P3
  D:00C0H         PUBLIC        P4
  D:00C8H         PUBLIC        P5
  D:00E8H         PUBLIC        P6
  X:0058H         PUBLIC        V1
  D:00F8H         PUBLIC        P7
  D:00A8H         PUBLIC        IE
  D:00B8H         PUBLIC        IP
  D:00D8H         PUBLIC        CCON
  C:2771H         PUBLIC        ExIT0_Handler
  C:1E44H         PUBLIC        UART1_ITHandler
  C:1FB1H         PUBLIC        ExIT1_Handler
  D:0098H         PUBLIC        SCON
  D:0088H         PUBLIC        TCON
  B:0088H.0       PUBLIC        IT0
  B:00A8H.0       PUBLIC        EX0
  B:0088H.2       PUBLIC        IT1
  B:00A8H.2       PUBLIC        EX1
BL51 BANKED LINKER/LOCATER V6.22.2.0                                                  12/28/2018  20:10:38  PAGE 25


  C:1A6FH         PUBLIC        time0
  C:2054H         PUBLIC        time1
  D:00D0H         PUBLIC        PSW
  C:287DH         PUBLIC        _ExternalITCmd
  C:2734H         PUBLIC        _ExternalITInit
  -------         PROC          _EXTERNALITCMD
  D:0007H         SYMBOL        exITx
  D:0005H         SYMBOL        newState
  C:287DH         LINE#         24
  C:287DH         LINE#         25
  C:287DH         LINE#         27
  C:2880H         LINE#         28
  C:2880H         LINE#         29
  C:2885H         LINE#         30
  C:2886H         LINE#         31
  C:288AH         LINE#         32
  C:288AH         LINE#         33
  C:288FH         LINE#         34
  C:288FH         LINE#         35
  -------         ENDPROC       _EXTERNALITCMD
  -------         PROC          _EXTERNALITINIT
  D:0007H         SYMBOL        exITx
  D:0005H         SYMBOL        triggerMode
  C:2734H         LINE#         37
  C:2734H         LINE#         38
  C:2734H         LINE#         40
  C:2737H         LINE#         41
  C:2737H         LINE#         42
  C:273CH         LINE#         43
  C:2740H         LINE#         44
  C:2742H         LINE#         45
  C:2746H         LINE#         46
  C:2746H         LINE#         47
  C:274BH         LINE#         48
  C:2752H         LINE#         49
  C:2752H         LINE#         50
  -------         ENDPROC       _EXTERNALITINIT
  -------         PROC          TIME0
  C:1A6FH         LINE#         53
  C:1A8CH         LINE#         55
  C:1A91H         LINE#         57
  C:1A9FH         LINE#         58
  C:1AADH         LINE#         59
  C:1ABEH         LINE#         60
  C:1ABEH         LINE#         61
  C:1AC2H         LINE#         62
  C:1AD4H         LINE#         63
  C:1ADAH         LINE#         64
  C:1ADEH         LINE#         65
  C:1ADEH         LINE#         66
  C:1AE0H         LINE#         67
  C:1AE0H         LINE#         68
  C:1AE0H         LINE#         70
  C:1AE3H         LINE#         71
  -------         ENDPROC       TIME0
  -------         PROC          TIME1
  C:2054H         LINE#         73
BL51 BANKED LINKER/LOCATER V6.22.2.0                                                  12/28/2018  20:10:38  PAGE 26


  C:2071H         LINE#         75
  C:2076H         LINE#         76
  C:2084H         LINE#         77
  C:2087H         LINE#         78
  -------         ENDPROC       TIME1
  -------         PROC          EXIT0_HANDLER
  C:2771H         LINE#         81
  C:2777H         LINE#         83
  C:277DH         LINE#         84
  C:277DH         LINE#         85
  C:277FH         LINE#         86
  C:2781H         LINE#         87
  C:2787H         LINE#         88
  C:2787H         LINE#         90
  -------         ENDPROC       EXIT0_HANDLER
  -------         PROC          EXIT1_HANDLER
  C:1FB1H         LINE#         93
  C:1FCEH         LINE#         95
  C:1FE9H         LINE#         96
  -------         ENDPROC       EXIT1_HANDLER
  -------         PROC          UART1_ITHANDLER
  C:1E44H         LINE#         98
  C:1E61H         LINE#         100
  C:1E6BH         LINE#         101
  C:1E6BH         LINE#         102
  C:1E72H         LINE#         103
  C:1E7BH         LINE#         104
  C:1E82H         LINE#         105
  C:1E84H         LINE#         106
  C:1E8BH         LINE#         107
  C:1E8BH         LINE#         109
  C:1E8BH         LINE#         110
  -------         ENDPROC       UART1_ITHANDLER
  -------         ENDMOD        89C51_IT

  -------         MODULE        USART
  C:0000H         SYMBOL        _ICE_DUMMY_
  D:0080H         PUBLIC        P0
  D:0090H         PUBLIC        P1
  D:00A0H         PUBLIC        P2
  C:18BBH         PUBLIC        _UARTBaudrateInit
  D:00B0H         PUBLIC        P3
  D:00C0H         PUBLIC        P4
  D:00C8H         PUBLIC        P5
  B:00A8H.7       PUBLIC        EA
  D:00E8H         PUBLIC        P6
  D:00F8H         PUBLIC        P7
  D:00A8H         PUBLIC        IE
  B:00A8H.4       PUBLIC        ES
  D:00B8H         PUBLIC        IP
  C:28C3H         PUBLIC        _UARTRecieveByte
  C:2827H         PUBLIC        _UARTRxCmd
  B:00B8H.4       PUBLIC        PS
  D:00D8H         PUBLIC        CCON
  C:28A1H         PUBLIC        _UARTClearFlagStatus
  D:0099H         PUBLIC        SBUF
  D:0087H         PUBLIC        PCON
BL51 BANKED LINKER/LOCATER V6.22.2.0                                                  12/28/2018  20:10:38  PAGE 27


  D:0098H         PUBLIC        SCON
  D:0088H         PUBLIC        TCON
  C:27F8H         PUBLIC        _UARTITConfig
  D:00AFH         PUBLIC        IE2
  D:008EH         PUBLIC        AUXR
  C:293CH         SYMBOL        _?ix1000
  C:293FH         SYMBOL        _?ix1001
  D:00B5H         PUBLIC        IP2
  C:2351H         PUBLIC        _UARTInit
  C:25F6H         PUBLIC        _UARTModeInit
  B:0098H.4       PUBLIC        RENx
  C:26D2H         PUBLIC        _UARTSendByte
  D:009BH         PUBLIC        S2BUF
  C:26F4H         PUBLIC        _UARTGetFlagStatus
  D:009AH         PUBLIC        S2CON
  D:00D0H         PUBLIC        PSW
  -------         PROC          _UARTMODEINIT
  D:0007H         SYMBOL        UARTx
  D:0005H         SYMBOL        UARTMode
  C:25F6H         LINE#         10
  C:25F6H         LINE#         11
  C:25F6H         LINE#         13
  C:25F9H         LINE#         14
  C:25F9H         LINE#         16
  C:2607H         LINE#         17
  C:2608H         LINE#         18
  C:260CH         LINE#         19
  C:260CH         LINE#         20
  C:261CH         LINE#         21
  C:261CH         LINE#         22
  -------         ENDPROC       _UARTMODEINIT
  -------         PROC          _UARTBAUDRATEINIT
  X:0109H         SYMBOL        UARTx
  D:0005H         SYMBOL        UARTMode
  D:0003H         SYMBOL        isBaudrateDouble
  X:010CH         SYMBOL        baudRate
  -------         DO            
  X:010EH         SYMBOL        timeMode
  X:010EH         SYMBOL        timeMode
  -------         ENDDO         
  -------         DO            
  X:010EH         SYMBOL        timeMode
  -------         ENDDO         
  C:18BBH         LINE#         25
  C:18C0H         LINE#         26
  C:18C0H         LINE#         28
  C:18C2H         LINE#         29
  C:18C2H         LINE#         31
  C:18D3H         LINE#         32
  C:18D3H         LINE#         33
  C:18D3H         LINE#         34
  C:18D3H         LINE#         36
  C:18D3H         LINE#         37
  C:18E2H         LINE#         38
  C:18E2H         LINE#         39
  C:18E2H         LINE#         40
  C:18E2H         LINE#         41
BL51 BANKED LINKER/LOCATER V6.22.2.0                                                  12/28/2018  20:10:38  PAGE 28


  C:18E2H         LINE#         42
  C:18E8H         LINE#         43
  C:18E8H         LINE#         45
  C:18FAH         LINE#         48
  C:18FFH         LINE#         49
  C:1901H         LINE#         51
  C:1905H         LINE#         54
  C:1953H         LINE#         57
  C:1956H         LINE#         58
  C:1957H         LINE#         59
  C:195DH         LINE#         60
  C:195DH         LINE#         62
  C:195DH         LINE#         63
  C:195EH         LINE#         64
  C:195EH         LINE#         66
  C:195EH         LINE#         67
  C:195EH         LINE#         68
  C:1964H         LINE#         69
  C:1964H         LINE#         71
  C:1976H         LINE#         74
  C:197BH         LINE#         75
  C:197DH         LINE#         77
  C:1980H         LINE#         80
  C:19C9H         LINE#         83
  C:19CCH         LINE#         84
  C:19CCH         LINE#         85
  C:19CCH         LINE#         86
  C:19CCH         LINE#         88
  C:19CCH         LINE#         89
  C:19CCH         LINE#         90
  C:19CCH         LINE#         91
  C:19CCH         LINE#         92
  C:19CCH         LINE#         93
  -------         ENDPROC       _UARTBAUDRATEINIT
  -------         PROC          _UARTRXCMD
  D:0007H         SYMBOL        UARTx
  D:0005H         SYMBOL        newState
  C:2827H         LINE#         97
  C:2827H         LINE#         98
  C:2827H         LINE#         100
  C:282AH         LINE#         101
  C:282AH         LINE#         102
  C:282AH         LINE#         103
  C:282CH         LINE#         104
  C:2830H         LINE#         105
  C:2830H         LINE#         106
  C:2838H         LINE#         107
  C:283DH         LINE#         108
  C:283DH         LINE#         109
  -------         ENDPROC       _UARTRXCMD
  -------         PROC          _UARTGETFLAGSTATUS
  D:0007H         SYMBOL        UARTx
  D:0005H         SYMBOL        UARTFlag
  C:26F4H         LINE#         112
  C:26F4H         LINE#         113
  C:26F4H         LINE#         115
  C:26F7H         LINE#         116
BL51 BANKED LINKER/LOCATER V6.22.2.0                                                  12/28/2018  20:10:38  PAGE 29


  C:26F7H         LINE#         117
  C:26FCH         LINE#         118
  C:26FCH         LINE#         119
  C:26FFH         LINE#         120
  C:26FFH         LINE#         122
  C:26FFH         LINE#         123
  C:2702H         LINE#         124
  C:2702H         LINE#         125
  C:2702H         LINE#         126
  C:2706H         LINE#         127
  C:2706H         LINE#         128
  C:270BH         LINE#         129
  C:270BH         LINE#         130
  C:270EH         LINE#         131
  C:270EH         LINE#         133
  C:270EH         LINE#         134
  C:2711H         LINE#         135
  C:2711H         LINE#         136
  C:2711H         LINE#         138
  C:2711H         LINE#         139
  C:2713H         LINE#         140
  C:2713H         LINE#         141
  -------         ENDPROC       _UARTGETFLAGSTATUS
  -------         PROC          _UARTCLEARFLAGSTATUS
  D:0007H         SYMBOL        UARTx
  D:0005H         SYMBOL        UARTFlag
  C:28A1H         LINE#         144
  C:28A1H         LINE#         145
  C:28A1H         LINE#         147
  C:28A4H         LINE#         148
  C:28A4H         LINE#         149
  C:28A8H         LINE#         150
  C:28A9H         LINE#         151
  C:28ADH         LINE#         152
  C:28ADH         LINE#         153
  C:28B1H         LINE#         154
  C:28B1H         LINE#         155
  -------         ENDPROC       _UARTCLEARFLAGSTATUS
  -------         PROC          _UARTSENDBYTE
  D:0006H         SYMBOL        UARTx
  D:0005H         SYMBOL        sendData
  C:26D2H         LINE#         158
  C:26D4H         LINE#         159
  C:26D4H         LINE#         161
  C:26D7H         LINE#         162
  C:26D7H         LINE#         163
  C:26D9H         LINE#         164
  C:26DBH         LINE#         165
  C:26DFH         LINE#         166
  C:26DFH         LINE#         167
  C:26E3H         LINE#         169
  C:26E3H         LINE#         171
  C:26EDH         LINE#         172
  -------         ENDPROC       _UARTSENDBYTE
  -------         PROC          _UARTRECIEVEBYTE
  D:0007H         SYMBOL        UARTx
  C:28C3H         LINE#         176
BL51 BANKED LINKER/LOCATER V6.22.2.0                                                  12/28/2018  20:10:38  PAGE 30


  C:28C3H         LINE#         177
  C:28C3H         LINE#         179
  C:28C6H         LINE#         180
  C:28C6H         LINE#         181
  C:28C9H         LINE#         182
  C:28C9H         LINE#         183
  C:28CDH         LINE#         184
  C:28CDH         LINE#         185
  C:28D0H         LINE#         186
  C:28D0H         LINE#         188
  C:28D0H         LINE#         189
  C:28D2H         LINE#         190
  C:28D2H         LINE#         191
  -------         ENDPROC       _UARTRECIEVEBYTE
  -------         PROC          _UARTINIT
  X:0119H         SYMBOL        UARTx
  X:011AH         SYMBOL        UARTMode
  X:011EH         SYMBOL        baudRate
  C:2351H         LINE#         194
  C:2356H         LINE#         195
  C:2356H         LINE#         197
  C:235CH         LINE#         199
  C:237AH         LINE#         201
  C:2387H         LINE#         203
  -------         ENDPROC       _UARTINIT
  -------         PROC          _UARTITCONFIG
  D:0007H         SYMBOL        UARTx
  D:0005H         SYMBOL        UARTPriority
  C:27F8H         LINE#         208
  C:27F8H         LINE#         209
  C:27F8H         LINE#         211
  C:27FAH         LINE#         213
  C:27FDH         LINE#         214
  C:27FDH         LINE#         216
  C:27FFH         LINE#         217
  C:2804H         LINE#         218
  C:2805H         LINE#         219
  C:2809H         LINE#         220
  C:2809H         LINE#         221
  C:280CH         LINE#         222
  C:280FH         LINE#         223
  C:280FH         LINE#         224
  -------         ENDPROC       _UARTITCONFIG
  -------         ENDMOD        USART

  -------         MODULE        HD7279
  C:0000H         SYMBOL        _ICE_DUMMY_
  D:0080H         PUBLIC        P0
  D:0090H         PUBLIC        P1
  D:00A0H         PUBLIC        P2
  D:00B0H         PUBLIC        P3
  D:00C0H         PUBLIC        P4
  D:00C8H         PUBLIC        P5
  D:00E8H         PUBLIC        P6
  D:00F8H         PUBLIC        P7
  C:2137H         PUBLIC        _HD7279SendByte
  D:00A8H         PUBLIC        IE
BL51 BANKED LINKER/LOCATER V6.22.2.0                                                  12/28/2018  20:10:38  PAGE 31


  C:111CH         PUBLIC        _LEDShowSec
  D:00B8H         PUBLIC        IP
  X:00EDH         PUBLIC        realCode
  D:00D8H         PUBLIC        CCON
  C:2845H         PUBLIC        _LedWrite
  C:1469H         PUBLIC        _LEDShowInt
  C:2918H         PUBLIC        KeyRead
  D:0098H         PUBLIC        SCON
  D:0088H         PUBLIC        TCON
  B:0090H.4       PUBLIC        dat
  B:0090H.3       PUBLIC        clk
  C:2395H         SYMBOL        _?ix1000
  C:239DH         SYMBOL        _?ix1001
  C:23A5H         SYMBOL        _?ix1002
  C:23ADH         SYMBOL        _?ix1003
  C:217FH         PUBLIC        HD7279ReceiveByte
  C:23B5H         SYMBOL        _?ix1004
  C:23BDH         SYMBOL        _?ix1005
  C:23C5H         SYMBOL        _?ix1006
  C:23CDH         SYMBOL        _?ix1007
  C:228FH         PUBLIC        ShowYourNeed
  B:0090H.2       PUBLIC        cs
  C:0F57H         PUBLIC        _LEDShowFloat
  C:0D5AH         PUBLIC        _LEDShowString
  D:00D0H         PUBLIC        PSW
  -------         PROC          _HD7279SENDBYTE
  X:0020H         SYMBOL        sendData
  -------         DO            
  X:0021H         SYMBOL        sendCounter
  -------         ENDDO         
  C:2137H         LINE#         19
  C:213CH         LINE#         20
  C:213CH         LINE#         22
  C:213FH         LINE#         24
  C:2141H         LINE#         26
  C:2147H         LINE#         28
  C:214CH         LINE#         29
  C:214CH         LINE#         30
  C:2153H         LINE#         31
  C:2153H         LINE#         32
  C:2155H         LINE#         33
  C:2157H         LINE#         35
  C:2157H         LINE#         36
  C:2159H         LINE#         37
  C:2159H         LINE#         39
  C:215BH         LINE#         41
  C:2162H         LINE#         43
  C:2164H         LINE#         45
  C:216BH         LINE#         46
  C:2172H         LINE#         47
  C:217CH         LINE#         48
  C:217EH         LINE#         49
  -------         ENDPROC       _HD7279SENDBYTE
  -------         PROC          HD7279RECEIVEBYTE
  -------         DO            
  X:000AH         SYMBOL        receiveCounter
  X:000BH         SYMBOL        receiveData
BL51 BANKED LINKER/LOCATER V6.22.2.0                                                  12/28/2018  20:10:38  PAGE 32


  -------         ENDDO         
  C:217FH         LINE#         59
  C:217FH         LINE#         60
  C:217FH         LINE#         62
  C:2184H         LINE#         63
  C:2186H         LINE#         65
  C:2188H         LINE#         67
  C:218EH         LINE#         69
  C:2193H         LINE#         70
  C:2193H         LINE#         72
  C:2195H         LINE#         74
  C:219CH         LINE#         75
  C:21A3H         LINE#         76
  C:21A6H         LINE#         77
  C:21A6H         LINE#         78
  C:21AAH         LINE#         79
  C:21AAH         LINE#         81
  C:21AAH         LINE#         83
  C:21AAH         LINE#         84
  C:21ACH         LINE#         86
  C:21B3H         LINE#         87
  C:21BFH         LINE#         88
  C:21C1H         LINE#         89
  C:21C6H         LINE#         90
  -------         ENDPROC       HD7279RECEIVEBYTE
  C:283EH         SYMBOL        L?0105
  -------         PROC          L?0104
  -------         ENDPROC       L?0104
  C:283EH         SYMBOL        L?0105
  -------         PROC          _LEDWRITE
  D:0007H         SYMBOL        cmd
  X:001FH         SYMBOL        dataSend
  C:2845H         LINE#         101
  C:284AH         LINE#         102
  C:284AH         LINE#         103
  C:284DH         LINE#         105
  -------         ENDPROC       _LEDWRITE
  -------         PROC          KEYREAD
  C:2918H         LINE#         116
  C:2918H         LINE#         117
  C:2918H         LINE#         118
  C:291DH         LINE#         120
  C:2920H         LINE#         121
  -------         ENDPROC       KEYREAD
  -------         PROC          _LEDSHOWINT
  X:008EH         SYMBOL        showData
  -------         DO            
  X:0092H         SYMBOL        LedData
  X:009AH         SYMBOL        i
  X:009BH         SYMBOL        tempBuff
  X:00A3H         SYMBOL        dataLength
  -------         ENDDO         
  C:1469H         LINE#         131
  C:146FH         LINE#         132
  C:146FH         LINE#         134
  C:1482H         LINE#         136
  C:1487H         LINE#         138
BL51 BANKED LINKER/LOCATER V6.22.2.0                                                  12/28/2018  20:10:38  PAGE 33


  C:1499H         LINE#         140
  C:149EH         LINE#         143
  C:14D7H         LINE#         144
  C:14D7H         LINE#         147
  C:1502H         LINE#         150
  C:1511H         LINE#         151
  C:1511H         LINE#         153
  C:151EH         LINE#         154
  C:151EH         LINE#         155
  C:1524H         LINE#         156
  C:1524H         LINE#         157
  C:152CH         LINE#         160
  C:1541H         LINE#         161
  C:1541H         LINE#         162
  C:1551H         LINE#         163
  C:1551H         LINE#         164
  C:157BH         LINE#         165
  C:1591H         LINE#         166
  C:1593H         LINE#         168
  C:1593H         LINE#         170
  C:15BCH         LINE#         171
  C:15BCH         LINE#         172
  C:15C5H         LINE#         175
  C:15CAH         LINE#         176
  C:15CAH         LINE#         177
  C:15E3H         LINE#         178
  C:15F0H         LINE#         179
  C:15F0H         LINE#         181
  C:15F0H         LINE#         183
  C:15FFH         LINE#         184
  C:15FFH         LINE#         185
  C:1602H         LINE#         186
  C:160AH         LINE#         187
  C:160AH         LINE#         188
  -------         ENDPROC       _LEDSHOWINT
  -------         PROC          _LEDSHOWFLOAT
  X:00A4H         SYMBOL        showData
  -------         DO            
  X:00A8H         SYMBOL        LedData
  X:00B0H         SYMBOL        i
  X:00B1H         SYMBOL        tempBuff
  X:00B9H         SYMBOL        dataLength
  -------         ENDDO         
  C:0F57H         LINE#         197
  C:0F5DH         LINE#         198
  C:0F5DH         LINE#         200
  C:0F70H         LINE#         202
  C:0F75H         LINE#         204
  C:0F87H         LINE#         206
  C:0F8CH         LINE#         209
  C:0FCAH         LINE#         210
  C:0FCAH         LINE#         216
  C:0FD9H         LINE#         217
  C:0FD9H         LINE#         218
  C:0FE6H         LINE#         219
  C:0FE6H         LINE#         220
  C:0FECH         LINE#         221
BL51 BANKED LINKER/LOCATER V6.22.2.0                                                  12/28/2018  20:10:38  PAGE 34


  C:0FECH         LINE#         222
  C:0FF4H         LINE#         225
  C:1009H         LINE#         226
  C:1009H         LINE#         227
  C:101EH         LINE#         228
  C:101EH         LINE#         229
  C:1051H         LINE#         230
  C:1067H         LINE#         231
  C:1069H         LINE#         232
  C:107CH         LINE#         233
  C:107CH         LINE#         234
  C:109EH         LINE#         235
  C:10A0H         LINE#         236
  C:10A4H         LINE#         237
  C:10A4H         LINE#         238
  C:10CDH         LINE#         239
  C:10CDH         LINE#         240
[...]
  D:0004H         SYMBOL        prescale
  -------         DO            
  D:0007H         SYMBOL        initData
  -------         ENDDO         
  C:2477H         LINE#         134
  C:2479H         LINE#         135
  C:2479H         LINE#         136
  C:2479H         LINE#         139
  C:247FH         LINE#         141
  C:2481H         LINE#         143
  C:2483H         LINE#         145
  C:2487H         LINE#         148
  C:2492H         LINE#         149
  C:2492H         LINE#         150
  C:2492H         LINE#         151
  C:2496H         LINE#         152
  C:2496H         LINE#         153
  C:2498H         LINE#         154
  C:2498H         LINE#         155
  C:249CH         LINE#         156
  C:249CH         LINE#         157
  C:249EH         LINE#         158
  C:249EH         LINE#         159
  C:24A3H         LINE#         160
  C:24A5H         LINE#         161
  C:24A5H         LINE#         162
  C:24A5H         LINE#         163
  C:24A5H         LINE#         164
  C:24A5H         LINE#         167
  -------         ENDPROC       _TIMER8254PRESCALERMODEINIT
  -------         PROC          _TIMER8254SQUAREWAVEMODEINIT
  D:0003H         SYMBOL        timerx
  D:0004H         SYMBOL        period
  -------         DO            
  D:0007H         SYMBOL        initData
  -------         ENDDO         
  C:24ACH         LINE#         172
  C:24AEH         LINE#         173
  C:24AEH         LINE#         174
  C:24AEH         LINE#         177
  C:24B4H         LINE#         179
  C:24B6H         LINE#         181
  C:24B8H         LINE#         183
  C:24BCH         LINE#         186
  C:24C7H         LINE#         187
  C:24C7H         LINE#         188
  C:24C7H         LINE#         189
  C:24CBH         LINE#         190
  C:24CBH         LINE#         191
  C:24CDH         LINE#         192
  C:24CDH         LINE#         193
  C:24D1H         LINE#         194
  C:24D1H         LINE#         195
  C:24D3H         LINE#         196
  C:24D3H         LINE#         197
  C:24D8H         LINE#         198
BL51 BANKED LINKER/LOCATER V6.22.2.0                                                  12/28/2018  20:10:38  PAGE 42


  C:24DAH         LINE#         199
  C:24DAH         LINE#         200
  C:24DAH         LINE#         201
  C:24DAH         LINE#         202
  C:24DAH         LINE#         205
  -------         ENDPROC       _TIMER8254SQUAREWAVEMODEINIT
  -------         PROC          _TIMER8254SOFTWARESTROBEMODEINIT
  D:0003H         SYMBOL        timerx
  D:0004H         SYMBOL        setCounter
  -------         DO            
  D:0007H         SYMBOL        initData
  -------         ENDDO         
  C:24E1H         LINE#         209
  C:24E3H         LINE#         210
  C:24E3H         LINE#         211
  C:24E3H         LINE#         214
  C:24E9H         LINE#         216
  C:24EBH         LINE#         218
  C:24EDH         LINE#         220
  C:24F1H         LINE#         223
  C:24FCH         LINE#         224
  C:24FCH         LINE#         225
  C:24FCH         LINE#         226
  C:2500H         LINE#         227
  C:2500H         LINE#         228
  C:2502H         LINE#         229
  C:2502H         LINE#         230
  C:2506H         LINE#         231
  C:2506H         LINE#         232
  C:2508H         LINE#         233
  C:2508H         LINE#         234
  C:250DH         LINE#         235
  C:250FH         LINE#         236
  C:250FH         LINE#         237
  C:250FH         LINE#         238
  C:250FH         LINE#         239
  C:250FH         LINE#         242
  -------         ENDPROC       _TIMER8254SOFTWARESTROBEMODEINIT
  -------         PROC          _TIMER8254HARDWARESTROBEMODEINIT
  D:0003H         SYMBOL        timerx
  D:0004H         SYMBOL        setCounter
  -------         DO            
  D:0007H         SYMBOL        initData
  -------         ENDDO         
  C:2516H         LINE#         246
  C:2518H         LINE#         247
  C:2518H         LINE#         248
  C:2518H         LINE#         251
  C:251EH         LINE#         253
  C:2520H         LINE#         255
  C:2522H         LINE#         257
  C:2526H         LINE#         260
  C:2531H         LINE#         261
  C:2531H         LINE#         262
  C:2531H         LINE#         263
  C:2535H         LINE#         264
  C:2535H         LINE#         265
BL51 BANKED LINKER/LOCATER V6.22.2.0                                                  12/28/2018  20:10:38  PAGE 43


  C:2537H         LINE#         266
  C:2537H         LINE#         267
  C:253BH         LINE#         268
  C:253BH         LINE#         269
  C:253DH         LINE#         270
  C:253DH         LINE#         271
  C:2542H         LINE#         272
  C:2544H         LINE#         273
  C:2544H         LINE#         274
  C:2544H         LINE#         275
  C:2544H         LINE#         276
  C:2544H         LINE#         279
  -------         ENDPROC       _TIMER8254HARDWARESTROBEMODEINIT
  -------         PROC          _TIMER8254STARTHARDSTROBE
  X:0132H         SYMBOL        timerx
  C:27C4H         LINE#         283
  C:27C9H         LINE#         284
  C:27C9H         LINE#         285
  C:27CEH         LINE#         286
  C:27D5H         LINE#         287
  -------         ENDPROC       _TIMER8254STARTHARDSTROBE
  -------         PROC          _TIMER8254GETCOUNTER
  D:0007H         SYMBOL        timerx
  -------         DO            
  D:0004H         SYMBOL        returnValue
  -------         ENDDO         
  C:25CEH         LINE#         291
  C:25CEH         LINE#         292
  C:25CEH         LINE#         293
  C:25D1H         LINE#         295
  C:25DBH         LINE#         297
  C:25E6H         LINE#         298
  C:25E6H         LINE#         299
  C:25E6H         LINE#         300
  C:25E9H         LINE#         301
  C:25E9H         LINE#         302
  C:25EBH         LINE#         303
  C:25EBH         LINE#         304
  C:25EEH         LINE#         305
  C:25EEH         LINE#         306
  C:25EEH         LINE#         307
  C:25F0H         LINE#         309
  C:25F1H         LINE#         310
  C:25F1H         LINE#         311
  C:25F1H         LINE#         312
  C:25F1H         LINE#         313
  C:25F1H         LINE#         315
  C:25F5H         LINE#         316
  -------         ENDPROC       _TIMER8254GETCOUNTER
  -------         ENDMOD        8254

  -------         MODULE        KEY
  C:0000H         SYMBOL        _ICE_DUMMY_
  D:0080H         PUBLIC        P0
  D:0090H         PUBLIC        P1
  D:00A0H         PUBLIC        P2
  D:00B0H         PUBLIC        P3
BL51 BANKED LINKER/LOCATER V6.22.2.0                                                  12/28/2018  20:10:38  PAGE 44


  D:00C0H         PUBLIC        P4
  D:00C8H         PUBLIC        P5
  D:00E8H         PUBLIC        P6
  D:00F8H         PUBLIC        P7
  D:00A8H         PUBLIC        IE
  D:00B8H         PUBLIC        IP
  D:00D8H         PUBLIC        CCON
  C:20A2H         PUBLIC        KeyScan
  D:0098H         PUBLIC        SCON
  D:0088H         PUBLIC        TCON
  X:00CEH         PUBLIC        keyCode
  C:23CEH         PUBLIC        ReadKeyNum
  D:00D0H         PUBLIC        PSW
  -------         PROC          READKEYNUM
  -------         DO            
  D:0007H         SYMBOL        keyValue
  X:0009H         SYMBOL        keyNum
  -------         ENDDO         
  C:23CEH         LINE#         7
  C:23CEH         LINE#         8
  C:23CEH         LINE#         9
  C:23D0H         LINE#         10
  C:23D4H         LINE#         11
  C:23D7H         LINE#         12
  C:23DBH         LINE#         13
  C:23DBH         LINE#         14
  C:23DEH         LINE#         15
  C:23DEH         LINE#         16
  C:23EDH         LINE#         17
  C:23EDH         LINE#         18
  C:23FBH         LINE#         19
  C:23FBH         LINE#         20
  C:23FBH         LINE#         21
  C:23FBH         LINE#         22
  C:2403H         LINE#         23
  C:2408H         LINE#         24
  -------         ENDPROC       READKEYNUM
  -------         PROC          KEYSCAN
  -------         DO            
  X:00CDH         SYMBOL        flag
  D:0007H         SYMBOL        keyValue
  X:0133H         SYMBOL        keyNum
  -------         ENDDO         
  C:20A2H         LINE#         28
  C:20A2H         LINE#         29
  C:20A2H         LINE#         31
  C:20A4H         LINE#         32
  C:20A8H         LINE#         33
  C:20ABH         LINE#         35
  C:20B5H         LINE#         36
  C:20B5H         LINE#         37
  C:20B7H         LINE#         38
  C:20C5H         LINE#         39
  C:20C5H         LINE#         40
  C:20D3H         LINE#         41
  C:20D3H         LINE#         42
  C:20D3H         LINE#         43
BL51 BANKED LINKER/LOCATER V6.22.2.0                                                  12/28/2018  20:10:38  PAGE 45


  C:20D3H         LINE#         44
  C:20DBH         LINE#         45
  C:20E1H         LINE#         46
  C:20E5H         LINE#         47
  C:20E5H         LINE#         48
  C:20EBH         LINE#         49
  C:20EBH         LINE#         50
  C:20EDH         LINE#         51
  -------         ENDPROC       KEYSCAN
  -------         ENDMOD        KEY

  -------         MODULE        ADC
  C:0000H         SYMBOL        _ICE_DUMMY_
  D:0080H         PUBLIC        P0
  D:0090H         PUBLIC        P1
  D:00A0H         PUBLIC        P2
  D:00B0H         PUBLIC        P3
  D:00C0H         PUBLIC        P4
  D:00C8H         PUBLIC        P5
  D:00E8H         PUBLIC        P6
  D:00F8H         PUBLIC        P7
  D:00A8H         PUBLIC        IE
  X:FE00H         PUBLIC        ADC0804
  X:FD00H         PUBLIC        DAC0832
  D:00B8H         PUBLIC        IP
  D:00D8H         PUBLIC        CCON
  C:294EH         PUBLIC        GetAdcValue
  D:0098H         PUBLIC        SCON
  D:0088H         PUBLIC        TCON
  C:2948H         PUBLIC        startAdc
  C:2954H         PUBLIC        _dacOut
  C:1DE1H         PUBLIC        _GetVoltage
  D:00D0H         PUBLIC        PSW
  -------         PROC          STARTADC
  C:2948H         LINE#         8
  C:2948H         LINE#         9
  C:2948H         LINE#         10
  C:294DH         LINE#         11
  -------         ENDPROC       STARTADC
  -------         PROC          GETADCVALUE
  -------         DO            
  D:0007H         SYMBOL        adcvalue
  -------         ENDDO         
  C:294EH         LINE#         15
  C:294EH         LINE#         16
  C:294EH         LINE#         17
  C:294EH         LINE#         18
  C:2953H         LINE#         20
  C:2953H         LINE#         21
  -------         ENDPROC       GETADCVALUE
  -------         PROC          _GETVOLTAGE
  X:004FH         SYMBOL        min
  X:0053H         SYMBOL        max
  -------         DO            
  X:0057H         SYMBOL        adcvalue
  D:0004H         SYMBOL        vol
  -------         ENDDO         
BL51 BANKED LINKER/LOCATER V6.22.2.0                                                  12/28/2018  20:10:38  PAGE 46


  C:1DE1H         LINE#         24
  C:1DE7H         LINE#         25
  C:1DE7H         LINE#         26
  C:1DEFH         LINE#         27
  C:1E43H         LINE#         28
  C:1E43H         LINE#         29
  -------         ENDPROC       _GETVOLTAGE
  -------         PROC          _DACOUT
  D:0007H         SYMBOL        dataNum
  C:2954H         LINE#         32
  C:2954H         LINE#         33
  C:2954H         LINE#         34
  C:2959H         LINE#         35
  -------         ENDPROC       _DACOUT
  -------         ENDMOD        ADC

  -------         MODULE        ?C?FPADD
  C:002DH         PUBLIC        ?C?FPADD
  C:0029H         PUBLIC        ?C?FPSUB
  -------         ENDMOD        ?C?FPADD

  -------         MODULE        ?C?FPMUL
  C:011EH         PUBLIC        ?C?FPMUL
  -------         ENDMOD        ?C?FPMUL

  -------         MODULE        ?C?FPDIV
  C:0227H         PUBLIC        ?C?FPDIV
  -------         ENDMOD        ?C?FPDIV

  -------         MODULE        ?C?FPCMP
  C:02C6H         PUBLIC        ?C?FPCMP
  C:02C4H         PUBLIC        ?C?FPCMP3
  -------         ENDMOD        ?C?FPCMP

  -------         MODULE        ?C?FCAST
  C:0347H         PUBLIC        ?C?FCASTC
  C:0342H         PUBLIC        ?C?FCASTI
  C:033DH         PUBLIC        ?C?FCASTL
  -------         ENDMOD        ?C?FCAST

  -------         MODULE        ?C?CASTF
  C:037BH         PUBLIC        ?C?CASTF
  -------         ENDMOD        ?C?CASTF

  -------         MODULE        PRINTF
  X:001FH         PUBLIC        ?_PRINTF?BYTE
  X:001FH         PUBLIC        ?_SPRINTF?BYTE
  C:0942H         PUBLIC        _PRINTF
  C:093CH         PUBLIC        _SPRINTF
  -------         ENDMOD        PRINTF

  -------         MODULE        FABS
  C:290BH         PUBLIC        _FABS
  -------         ENDMOD        FABS

  -------         MODULE        ?C?FPROUND
  C:03FCH         PUBLIC        ?C?FPROUND
BL51 BANKED LINKER/LOCATER V6.22.2.0                                                  12/28/2018  20:10:38  PAGE 47


  -------         ENDMOD        ?C?FPROUND

  -------         MODULE        ?C?FPCONVERT
  C:0439H         PUBLIC        ?C?FPCONVERT
  -------         ENDMOD        ?C?FPCONVERT

  -------         MODULE        ?C?FTNPWR
  C:056EH         PUBLIC        ?C?FTNPWR
  -------         ENDMOD        ?C?FTNPWR

  -------         MODULE        ?C?COPY
  C:067EH         PUBLIC        ?C?COPY
  -------         ENDMOD        ?C?COPY

  -------         MODULE        ?C?CLDPTR
  C:06A4H         PUBLIC        ?C?CLDPTR
  -------         ENDMOD        ?C?CLDPTR

  -------         MODULE        ?C?CLDOPTR
  C:06BDH         PUBLIC        ?C?CLDOPTR
  -------         ENDMOD        ?C?CLDOPTR

  -------         MODULE        ?C?CSTPTR
  C:06EAH         PUBLIC        ?C?CSTPTR
  -------         ENDMOD        ?C?CSTPTR

  -------         MODULE        ?C?UIDIV
  C:06FCH         PUBLIC        ?C?UIDIV
  -------         ENDMOD        ?C?UIDIV

  -------         MODULE        ?C?ULDIV
  C:078DH         PUBLIC        ?C?ULDIV
  -------         ENDMOD        ?C?ULDIV

  -------         MODULE        ?C?SLDIV
  C:21C7H         PUBLIC        ?C?SLDIV
  -------         ENDMOD        ?C?SLDIV

  -------         MODULE        ?C?LNEG
  C:081FH         PUBLIC        ?C?LNEG
  -------         ENDMOD        ?C?LNEG

  -------         MODULE        ?C?SLCMP
  C:082DH         PUBLIC        ?C?SLCMP
  -------         ENDMOD        ?C?SLCMP

  -------         MODULE        ?C?ULCMP
  C:0843H         PUBLIC        ?C?ULCMP
  -------         ENDMOD        ?C?ULCMP

  -------         MODULE        ?C?LSTXDATA
  C:0854H         PUBLIC        ?C?LSTXDATA
  -------         ENDMOD        ?C?LSTXDATA

  -------         MODULE        ?C?LSTKXDATA
  C:0860H         PUBLIC        ?C?LSTKXDATA
  -------         ENDMOD        ?C?LSTKXDATA
BL51 BANKED LINKER/LOCATER V6.22.2.0                                                  12/28/2018  20:10:38  PAGE 48



  -------         MODULE        ?C?PLDIXDATA
  C:0891H         PUBLIC        ?C?PLDIXDATA
  -------         ENDMOD        ?C?PLDIXDATA

  -------         MODULE        ?C?PSTXDATA
  C:08A8H         PUBLIC        ?C?PSTXDATA
  -------         ENDMOD        ?C?PSTXDATA

  -------         MODULE        ?C?CCASE
  C:08B1H         PUBLIC        ?C?CCASE
  -------         ENDMOD        ?C?CCASE

  -------         MODULE        PUTCHAR
  C:261DH         PUBLIC        _PUTCHAR
  -------         ENDMOD        PUTCHAR

*** WARNING L16: UNCALLED SEGMENT, IGNORED FOR OVERLAY PROCESS
    SEGMENT: ?PR?SHOWINPUT?PIO_1

*** WARNING L16: UNCALLED SEGMENT, IGNORED FOR OVERLAY PROCESS
    SEGMENT: ?PR?_BLINKIN4?PIO_1

*** WARNING L16: UNCALLED SEGMENT, IGNORED FOR OVERLAY PROCESS
    SEGMENT: ?PR?_FLOW?PIO_1

*** WARNING L16: UNCALLED SEGMENT, IGNORED FOR OVERLAY PROCESS
    SEGMENT: ?PR?_FLOWCONTRARY?PIO_1

*** WARNING L16: UNCALLED SEGMENT, IGNORED FOR OVERLAY PROCESS
    SEGMENT: ?PR?_FLOWLEDONLY?PIO_1

*** WARNING L16: UNCALLED SEGMENT, IGNORED FOR OVERLAY PROCESS
    SEGMENT: ?PR?KEY2LEDBINARY?PIO_1

*** WARNING L16: UNCALLED SEGMENT, IGNORED FOR OVERLAY PROCESS
    SEGMENT: ?PR?LED_FLOW_P374?PIO_1

*** WARNING L16: UNCALLED SEGMENT, IGNORED FOR OVERLAY PROCESS
    SEGMENT: ?PR?_BLINKIN4_P374?PIO_1

*** WARNING L16: UNCALLED SEGMENT, IGNORED FOR OVERLAY PROCESS
    SEGMENT: ?PR?_SHOWNUM?PIO_1

*** WARNING L16: UNCALLED SEGMENT, IGNORED FOR OVERLAY PROCESS
    SEGMENT: ?PR?_GPIOREADBIT?GPIO

*** WARNING L16: UNCALLED SEGMENT, IGNORED FOR OVERLAY PROCESS
    SEGMENT: ?PR?STEPMOTORPININIT?STEPMOTOR

*** WARNING L16: UNCALLED SEGMENT, IGNORED FOR OVERLAY PROCESS
    SEGMENT: ?PR?_STEPMOTORSPEEDCONTROL?STEPMOTOR

*** WARNING L16: UNCALLED SEGMENT, IGNORED FOR OVERLAY PROCESS
    SEGMENT: ?PR?GETSTEPMOTORCTRLCMD?STEPMOTOR

*** WARNING L16: UNCALLED SEGMENT, IGNORED FOR OVERLAY PROCESS
BL51 BANKED LINKER/LOCATER V6.22.2.0                                                  12/28/2018  20:10:38  PAGE 49


    SEGMENT: ?PR?_DELAYUS?DELAY

*** WARNING L16: UNCALLED SEGMENT, IGNORED FOR OVERLAY PROCESS
    SEGMENT: ?PR?DELAY500MS?DELAY

*** WARNING L16: UNCALLED SEGMENT, IGNORED FOR OVERLAY PROCESS
    SEGMENT: ?PR?_TIMERGETOVERFLOWITFLAG?TIMER

*** WARNING L16: UNCALLED SEGMENT, IGNORED FOR OVERLAY PROCESS
    SEGMENT: ?PR?_SHOWTIMESTRING?TIMER

*** WARNING L16: UNCALLED SEGMENT, IGNORED FOR OVERLAY PROCESS
    SEGMENT: ?PR?_EXTERNALITINIT?89C51_IT

*** WARNING L16: UNCALLED SEGMENT, IGNORED FOR OVERLAY PROCESS
    SEGMENT: ?PR?_UARTSENDBYTE?USART

*** WARNING L16: UNCALLED SEGMENT, IGNORED FOR OVERLAY PROCESS
    SEGMENT: ?PR?_UARTINIT?USART

*** WARNING L16: UNCALLED SEGMENT, IGNORED FOR OVERLAY PROCESS
    SEGMENT: ?PR?_LEDSHOWINT?HD7279

*** WARNING L16: UNCALLED SEGMENT, IGNORED FOR OVERLAY PROCESS
    SEGMENT: ?PR?_LEDSHOWFLOAT?HD7279

*** WARNING L16: UNCALLED SEGMENT, IGNORED FOR OVERLAY PROCESS
    SEGMENT: ?PR?SHOWYOURNEED?HD7279

*** WARNING L16: UNCALLED SEGMENT, IGNORED FOR OVERLAY PROCESS
    SEGMENT: ?PR?IO8255INIT?8255

*** WARNING L16: UNCALLED SEGMENT, IGNORED FOR OVERLAY PROCESS
    SEGMENT: ?PR?_IO8255SETBIT?8255

*** WARNING L16: UNCALLED SEGMENT, IGNORED FOR OVERLAY PROCESS
    SEGMENT: ?PR?_IO8255READBIT?8255

*** WARNING L16: UNCALLED SEGMENT, IGNORED FOR OVERLAY PROCESS
    SEGMENT: ?PR?_SENDDATA_8225?8255

*** WARNING L16: UNCALLED SEGMENT, IGNORED FOR OVERLAY PROCESS
    SEGMENT: ?PR?TEST8255?8255

*** WARNING L16: UNCALLED SEGMENT, IGNORED FOR OVERLAY PROCESS
    SEGMENT: ?PR?_TIMER8254COUNTERMODEINIT?8254

*** WARNING L16: UNCALLED SEGMENT, IGNORED FOR OVERLAY PROCESS
    SEGMENT: ?PR?_TIMER8254TRIGGERMODEINIT?8254

*** WARNING L16: UNCALLED SEGMENT, IGNORED FOR OVERLAY PROCESS
    SEGMENT: ?PR?_TIMER8254STARTTRIGGER?8254

*** WARNING L16: UNCALLED SEGMENT, IGNORED FOR OVERLAY PROCESS
    SEGMENT: ?PR?_TIMER8254PRESCALERMODEINIT?8254

*** WARNING L16: UNCALLED SEGMENT, IGNORED FOR OVERLAY PROCESS
BL51 BANKED LINKER/LOCATER V6.22.2.0                                                  12/28/2018  20:10:38  PAGE 50


    SEGMENT: ?PR?_TIMER8254SQUAREWAVEMODEINIT?8254

*** WARNING L16: UNCALLED SEGMENT, IGNORED FOR OVERLAY PROCESS
    SEGMENT: ?PR?_TIMER8254SOFTWARESTROBEMODEINIT?8254

*** WARNING L16: UNCALLED SEGMENT, IGNORED FOR OVERLAY PROCESS
    SEGMENT: ?PR?_TIMER8254HARDWARESTROBEMODEINIT?8254

*** WARNING L16: UNCALLED SEGMENT, IGNORED FOR OVERLAY PROCESS
    SEGMENT: ?PR?_TIMER8254STARTHARDSTROBE?8254

*** WARNING L16: UNCALLED SEGMENT, IGNORED FOR OVERLAY PROCESS
    SEGMENT: ?PR?_TIMER8254GETCOUNTER?8254

*** WARNING L16: UNCALLED SEGMENT, IGNORED FOR OVERLAY PROCESS
    SEGMENT: ?PR?KEYSCAN?KEY

*** WARNING L16: UNCALLED SEGMENT, IGNORED FOR OVERLAY PROCESS
    SEGMENT: ?PR?STARTADC?ADC

Program Size: data=15.1 xdata=319 code=10569
LINK/LOCATE RUN COMPLETE.  39 WARNING(S),  0 ERROR(S)
